tdd_METER_addStoredData.c:365:test_METER:INFO: METER_addStoredData Test
================ Test Case(0) : 정상적인 검침 데이터 저장 ==================
Date:2022-2-9,11:39:0 Stored Date:2022-2-9,10:39:0 nData(4)
Input Meter Data
stored.unit[ 0] : 16 02 09 0A 27 00 01 00 00 00 00 00 00 00 00 00 00 00 00 00 00 
stored.unit[ 1] : 02 02 02 02 02 02 02 02 02 02 02 02 02 02 02 02 02 02 02 02 02 
stored.unit[ 2] : 03 03 03 03 03 03 03 03 03 03 03 03 03 03 03 03 03 03 03 03 03 
stored.unit[ 3] : 04 04 04 04 04 04 04 04 04 04 04 04 04 04 04 04 04 04 04 04 04 
stored.unit[ 4] : 00 00 00 00 00 00 00 00 00 00 00 00 00 00 00 00 00 00 00 00 00 
stored.unit[ 5] : 00 00 00 00 00 00 00 00 00 00 00 00 00 00 00 00 00 00 00 00 00 
stored.unit[ 6] : 00 00 00 00 00 00 00 00 00 00 00 00 00 00 00 00 00 00 00 00 00 
stored.unit[ 7] : 00 00 00 00 00 00 00 00 00 00 00 00 00 00 00 00 00 00 00 00 00 
stored.unit[ 8] : 00 00 00 00 00 00 00 00 00 00 00 00 00 00 00 00 00 00 00 00 00 
stored.unit[ 9] : 00 00 00 00 00 00 00 00 00 00 00 00 00 00 00 00 00 00 00 00 00 
stored.unit[10] : 00 00 00 00 00 00 00 00 00 00 00 00 00 00 00 00 00 00 00 00 00 
stored.unit[11] : 00 00 00 00 00 00 00 00 00 00 00 00 00 00 00 00 00 00 00 00 00 
stored.unit[12] : 00 00 00 00 00 00 00 00 00 00 00 00 00 00 00 00 00 00 00 00 00 
stored.unit[13] : 00 00 00 00 00 00 00 00 00 00 00 00 00 00 00 00 00 00 00 00 00 
stored.unit[14] : 00 00 00 00 00 00 00 00 00 00 00 00 00 00 00 00 00 00 00 00 00 
stored.unit[15] : 00 00 00 00 00 00 00 00 00 00 00 00 00 00 00 00 00 00 00 00 00 
stored.unit[16] : 00 00 00 00 00 00 00 00 00 00 00 00 00 00 00 00 00 00 00 00 00 
stored.unit[17] : 00 00 00 00 00 00 00 00 00 00 00 00 00 00 00 00 00 00 00 00 00 
stored.unit[18] : 00 00 00 00 00 00 00 00 00 00 00 00 00 00 00 00 00 00 00 00 00 
stored.unit[19] : 00 00 00 00 00 00 00 00 00 00 00 00 00 00 00 00 00 00 00 00 00 
stored.unit[20] : 00 00 00 00 00 00 00 00 00 00 00 00 00 00 00 00 00 00 00 00 00 
stored.unit[21] : 00 00 00 00 00 00 00 00 00 00 00 00 00 00 00 00 00 00 00 00 00 
stored.unit[22] : 00 00 00 00 00 00 00 00 00 00 00 00 00 00 00 00 00 00 00 00 00 
stored.unit[23] : 00 00 00 00 00 00 00 00 00 00 00 00 00 00 00 00 00 00 00 00 00 
Output Meter Data [After METER_addStoredData()]
stored.unit[ 0] : 16 02 09 0B 27 00 01 AA AA AA AA AA AA AA AA AA AA AA AA AA AA 
stored.unit[ 1] : 16 02 09 0A 27 00 01 00 00 00 00 00 00 00 00 00 00 00 00 00 00 
stored.unit[ 2] : 02 02 02 02 02 02 02 02 02 02 02 02 02 02 02 02 02 02 02 02 02 
stored.unit[ 3] : 03 03 03 03 03 03 03 03 03 03 03 03 03 03 03 03 03 03 03 03 03 
stored.unit[ 4] : 04 04 04 04 04 04 04 04 04 04 04 04 04 04 04 04 04 04 04 04 04 
stored.unit[ 5] : 00 00 00 00 00 00 00 00 00 00 00 00 00 00 00 00 00 00 00 00 00 
stored.unit[ 6] : 00 00 00 00 00 00 00 00 00 00 00 00 00 00 00 00 00 00 00 00 00 
stored.unit[ 7] : 00 00 00 00 00 00 00 00 00 00 00 00 00 00 00 00 00 00 00 00 00 
stored.unit[ 8] : 00 00 00 00 00 00 00 00 00 00 00 00 00 00 00 00 00 00 00 00 00 
stored.unit[ 9] : 00 00 00 00 00 00 00 00 00 00 00 00 00 00 00 00 00 00 00 00 00 
stored.unit[10] : 00 00 00 00 00 00 00 00 00 00 00 00 00 00 00 00 00 00 00 00 00 
stored.unit[11] : 00 00 00 00 00 00 00 00 00 00 00 00 00 00 00 00 00 00 00 00 00 
stored.unit[12] : 00 00 00 00 00 00 00 00 00 00 00 00 00 00 00 00 00 00 00 00 00 
stored.unit[13] : 00 00 00 00 00 00 00 00 00 00 00 00 00 00 00 00 00 00 00 00 00 
stored.unit[14] : 00 00 00 00 00 00 00 00 00 00 00 00 00 00 00 00 00 00 00 00 00 
stored.unit[15] : 00 00 00 00 00 00 00 00 00 00 00 00 00 00 00 00 00 00 00 00 00 
stored.unit[16] : 00 00 00 00 00 00 00 00 00 00 00 00 00 00 00 00 00 00 00 00 00 
stored.unit[17] : 00 00 00 00 00 00 00 00 00 00 00 00 00 00 00 00 00 00 00 00 00 
stored.unit[18] : 00 00 00 00 00 00 00 00 00 00 00 00 00 00 00 00 00 00 00 00 00 
stored.unit[19] : 00 00 00 00 00 00 00 00 00 00 00 00 00 00 00 00 00 00 00 00 00 
stored.unit[20] : 00 00 00 00 00 00 00 00 00 00 00 00 00 00 00 00 00 00 00 00 00 
stored.unit[21] : 00 00 00 00 00 00 00 00 00 00 00 00 00 00 00 00 00 00 00 00 00 
stored.unit[22] : 00 00 00 00 00 00 00 00 00 00 00 00 00 00 00 00 00 00 00 00 00 
stored.unit[23] : 00 00 00 00 00 00 00 00 00 00 00 00 00 00 00 00 00 00 00 00 00 
================ Test Case(1) : Data Skip Mode OFF ==================
Date:2022-2-9,12:39:0 Stored Date:2022-2-9,10:39:0 nData(24)
Input Meter Data
stored.unit[ 0] : 16 02 09 0A 27 00 01 00 00 00 00 00 00 00 00 00 00 00 00 00 00 
stored.unit[ 1] : 02 02 02 02 02 02 02 02 02 02 02 02 02 02 02 02 02 02 02 02 02 
stored.unit[ 2] : 03 03 03 03 03 03 03 03 03 03 03 03 03 03 03 03 03 03 03 03 03 
stored.unit[ 3] : 04 04 04 04 04 04 04 04 04 04 04 04 04 04 04 04 04 04 04 04 04 
stored.unit[ 4] : 05 05 05 05 05 05 05 05 05 05 05 05 05 05 05 05 05 05 05 05 05 
stored.unit[ 5] : 06 06 06 06 06 06 06 06 06 06 06 06 06 06 06 06 06 06 06 06 06 
stored.unit[ 6] : 07 07 07 07 07 07 07 07 07 07 07 07 07 07 07 07 07 07 07 07 07 
stored.unit[ 7] : 08 08 08 08 08 08 08 08 08 08 08 08 08 08 08 08 08 08 08 08 08 
stored.unit[ 8] : 09 09 09 09 09 09 09 09 09 09 09 09 09 09 09 09 09 09 09 09 09 
stored.unit[ 9] : 0A 0A 0A 0A 0A 0A 0A 0A 0A 0A 0A 0A 0A 0A 0A 0A 0A 0A 0A 0A 0A 
stored.unit[10] : 0B 0B 0B 0B 0B 0B 0B 0B 0B 0B 0B 0B 0B 0B 0B 0B 0B 0B 0B 0B 0B 
stored.unit[11] : 0C 0C 0C 0C 0C 0C 0C 0C 0C 0C 0C 0C 0C 0C 0C 0C 0C 0C 0C 0C 0C 
stored.unit[12] : 0D 0D 0D 0D 0D 0D 0D 0D 0D 0D 0D 0D 0D 0D 0D 0D 0D 0D 0D 0D 0D 
stored.unit[13] : 0E 0E 0E 0E 0E 0E 0E 0E 0E 0E 0E 0E 0E 0E 0E 0E 0E 0E 0E 0E 0E 
stored.unit[14] : 0F 0F 0F 0F 0F 0F 0F 0F 0F 0F 0F 0F 0F 0F 0F 0F 0F 0F 0F 0F 0F 
stored.unit[15] : 10 10 10 10 10 10 10 10 10 10 10 10 10 10 10 10 10 10 10 10 10 
stored.unit[16] : 11 11 11 11 11 11 11 11 11 11 11 11 11 11 11 11 11 11 11 11 11 
stored.unit[17] : 12 12 12 12 12 12 12 12 12 12 12 12 12 12 12 12 12 12 12 12 12 
stored.unit[18] : 13 13 13 13 13 13 13 13 13 13 13 13 13 13 13 13 13 13 13 13 13 
stored.unit[19] : 14 14 14 14 14 14 14 14 14 14 14 14 14 14 14 14 14 14 14 14 14 
stored.unit[20] : 15 15 15 15 15 15 15 15 15 15 15 15 15 15 15 15 15 15 15 15 15 
stored.unit[21] : 16 16 16 16 16 16 16 16 16 16 16 16 16 16 16 16 16 16 16 16 16 
stored.unit[22] : 17 17 17 17 17 17 17 17 17 17 17 17 17 17 17 17 17 17 17 17 17 
stored.unit[23] : 18 18 18 18 18 18 18 18 18 18 18 18 18 18 18 18 18 18 18 18 18 
Output Meter Data [After METER_addStoredData()]
stored.unit[ 0] : 16 02 09 0C 27 00 01 AA AA AA AA AA AA AA AA AA AA AA AA AA AA 
stored.unit[ 1] : 16 02 09 0A 27 00 01 00 00 00 00 00 00 00 00 00 00 00 00 00 00 
stored.unit[ 2] : 02 02 02 02 02 02 02 02 02 02 02 02 02 02 02 02 02 02 02 02 02 
stored.unit[ 3] : 03 03 03 03 03 03 03 03 03 03 03 03 03 03 03 03 03 03 03 03 03 
stored.unit[ 4] : 04 04 04 04 04 04 04 04 04 04 04 04 04 04 04 04 04 04 04 04 04 
stored.unit[ 5] : 05 05 05 05 05 05 05 05 05 05 05 05 05 05 05 05 05 05 05 05 05 
stored.unit[ 6] : 06 06 06 06 06 06 06 06 06 06 06 06 06 06 06 06 06 06 06 06 06 
stored.unit[ 7] : 07 07 07 07 07 07 07 07 07 07 07 07 07 07 07 07 07 07 07 07 07 
stored.unit[ 8] : 08 08 08 08 08 08 08 08 08 08 08 08 08 08 08 08 08 08 08 08 08 
stored.unit[ 9] : 09 09 09 09 09 09 09 09 09 09 09 09 09 09 09 09 09 09 09 09 09 
stored.unit[10] : 0A 0A 0A 0A 0A 0A 0A 0A 0A 0A 0A 0A 0A 0A 0A 0A 0A 0A 0A 0A 0A 
stored.unit[11] : 0B 0B 0B 0B 0B 0B 0B 0B 0B 0B 0B 0B 0B 0B 0B 0B 0B 0B 0B 0B 0B 
stored.unit[12] : 0C 0C 0C 0C 0C 0C 0C 0C 0C 0C 0C 0C 0C 0C 0C 0C 0C 0C 0C 0C 0C 
stored.unit[13] : 0D 0D 0D 0D 0D 0D 0D 0D 0D 0D 0D 0D 0D 0D 0D 0D 0D 0D 0D 0D 0D 
stored.unit[14] : 0E 0E 0E 0E 0E 0E 0E 0E 0E 0E 0E 0E 0E 0E 0E 0E 0E 0E 0E 0E 0E 
stored.unit[15] : 0F 0F 0F 0F 0F 0F 0F 0F 0F 0F 0F 0F 0F 0F 0F 0F 0F 0F 0F 0F 0F 
stored.unit[16] : 10 10 10 10 10 10 10 10 10 10 10 10 10 10 10 10 10 10 10 10 10 
stored.unit[17] : 11 11 11 11 11 11 11 11 11 11 11 11 11 11 11 11 11 11 11 11 11 
stored.unit[18] : 12 12 12 12 12 12 12 12 12 12 12 12 12 12 12 12 12 12 12 12 12 
stored.unit[19] : 13 13 13 13 13 13 13 13 13 13 13 13 13 13 13 13 13 13 13 13 13 
stored.unit[20] : 14 14 14 14 14 14 14 14 14 14 14 14 14 14 14 14 14 14 14 14 14 
stored.unit[21] : 15 15 15 15 15 15 15 15 15 15 15 15 15 15 15 15 15 15 15 15 15 
stored.unit[22] : 16 16 16 16 16 16 16 16 16 16 16 16 16 16 16 16 16 16 16 16 16 
stored.unit[23] : 17 17 17 17 17 17 17 17 17 17 17 17 17 17 17 17 17 17 17 17 17 
================ Test Case(2) : nData 0개, diff 0, But Save Data ==================
Date:2022-2-9,10:39:0 Stored Date:2022-2-9,10:39:0 nData(0)
Input Meter Data
stored.unit[ 0] : 16 02 09 0A 27 00 01 00 00 00 00 00 00 00 00 00 00 00 00 00 00 
stored.unit[ 1] : 00 00 00 00 00 00 00 00 00 00 00 00 00 00 00 00 00 00 00 00 00 
stored.unit[ 2] : 00 00 00 00 00 00 00 00 00 00 00 00 00 00 00 00 00 00 00 00 00 
stored.unit[ 3] : 00 00 00 00 00 00 00 00 00 00 00 00 00 00 00 00 00 00 00 00 00 
stored.unit[ 4] : 00 00 00 00 00 00 00 00 00 00 00 00 00 00 00 00 00 00 00 00 00 
stored.unit[ 5] : 00 00 00 00 00 00 00 00 00 00 00 00 00 00 00 00 00 00 00 00 00 
stored.unit[ 6] : 00 00 00 00 00 00 00 00 00 00 00 00 00 00 00 00 00 00 00 00 00 
stored.unit[ 7] : 00 00 00 00 00 00 00 00 00 00 00 00 00 00 00 00 00 00 00 00 00 
stored.unit[ 8] : 00 00 00 00 00 00 00 00 00 00 00 00 00 00 00 00 00 00 00 00 00 
stored.unit[ 9] : 00 00 00 00 00 00 00 00 00 00 00 00 00 00 00 00 00 00 00 00 00 
stored.unit[10] : 00 00 00 00 00 00 00 00 00 00 00 00 00 00 00 00 00 00 00 00 00 
stored.unit[11] : 00 00 00 00 00 00 00 00 00 00 00 00 00 00 00 00 00 00 00 00 00 
stored.unit[12] : 00 00 00 00 00 00 00 00 00 00 00 00 00 00 00 00 00 00 00 00 00 
stored.unit[13] : 00 00 00 00 00 00 00 00 00 00 00 00 00 00 00 00 00 00 00 00 00 
stored.unit[14] : 00 00 00 00 00 00 00 00 00 00 00 00 00 00 00 00 00 00 00 00 00 
stored.unit[15] : 00 00 00 00 00 00 00 00 00 00 00 00 00 00 00 00 00 00 00 00 00 
stored.unit[16] : 00 00 00 00 00 00 00 00 00 00 00 00 00 00 00 00 00 00 00 00 00 
stored.unit[17] : 00 00 00 00 00 00 00 00 00 00 00 00 00 00 00 00 00 00 00 00 00 
stored.unit[18] : 00 00 00 00 00 00 00 00 00 00 00 00 00 00 00 00 00 00 00 00 00 
stored.unit[19] : 00 00 00 00 00 00 00 00 00 00 00 00 00 00 00 00 00 00 00 00 00 
stored.unit[20] : 00 00 00 00 00 00 00 00 00 00 00 00 00 00 00 00 00 00 00 00 00 
stored.unit[21] : 00 00 00 00 00 00 00 00 00 00 00 00 00 00 00 00 00 00 00 00 00 
stored.unit[22] : 00 00 00 00 00 00 00 00 00 00 00 00 00 00 00 00 00 00 00 00 00 
stored.unit[23] : 00 00 00 00 00 00 00 00 00 00 00 00 00 00 00 00 00 00 00 00 00 
Output Meter Data [After METER_addStoredData()]
stored.unit[ 0] : 16 02 09 0A 27 00 01 AA AA AA AA AA AA AA AA AA AA AA AA AA AA 
stored.unit[ 1] : 00 00 00 00 00 00 00 00 00 00 00 00 00 00 00 00 00 00 00 00 00 
stored.unit[ 2] : 00 00 00 00 00 00 00 00 00 00 00 00 00 00 00 00 00 00 00 00 00 
stored.unit[ 3] : 00 00 00 00 00 00 00 00 00 00 00 00 00 00 00 00 00 00 00 00 00 
stored.unit[ 4] : 00 00 00 00 00 00 00 00 00 00 00 00 00 00 00 00 00 00 00 00 00 
stored.unit[ 5] : 00 00 00 00 00 00 00 00 00 00 00 00 00 00 00 00 00 00 00 00 00 
stored.unit[ 6] : 00 00 00 00 00 00 00 00 00 00 00 00 00 00 00 00 00 00 00 00 00 
stored.unit[ 7] : 00 00 00 00 00 00 00 00 00 00 00 00 00 00 00 00 00 00 00 00 00 
stored.unit[ 8] : 00 00 00 00 00 00 00 00 00 00 00 00 00 00 00 00 00 00 00 00 00 
stored.unit[ 9] : 00 00 00 00 00 00 00 00 00 00 00 00 00 00 00 00 00 00 00 00 00 
stored.unit[10] : 00 00 00 00 00 00 00 00 00 00 00 00 00 00 00 00 00 00 00 00 00 
stored.unit[11] : 00 00 00 00 00 00 00 00 00 00 00 00 00 00 00 00 00 00 00 00 00 
stored.unit[12] : 00 00 00 00 00 00 00 00 00 00 00 00 00 00 00 00 00 00 00 00 00 
stored.unit[13] : 00 00 00 00 00 00 00 00 00 00 00 00 00 00 00 00 00 00 00 00 00 
stored.unit[14] : 00 00 00 00 00 00 00 00 00 00 00 00 00 00 00 00 00 00 00 00 00 
stored.unit[15] : 00 00 00 00 00 00 00 00 00 00 00 00 00 00 00 00 00 00 00 00 00 
stored.unit[16] : 00 00 00 00 00 00 00 00 00 00 00 00 00 00 00 00 00 00 00 00 00 
stored.unit[17] : 00 00 00 00 00 00 00 00 00 00 00 00 00 00 00 00 00 00 00 00 00 
stored.unit[18] : 00 00 00 00 00 00 00 00 00 00 00 00 00 00 00 00 00 00 00 00 00 
stored.unit[19] : 00 00 00 00 00 00 00 00 00 00 00 00 00 00 00 00 00 00 00 00 00 
stored.unit[20] : 00 00 00 00 00 00 00 00 00 00 00 00 00 00 00 00 00 00 00 00 00 
stored.unit[21] : 00 00 00 00 00 00 00 00 00 00 00 00 00 00 00 00 00 00 00 00 00 
stored.unit[22] : 00 00 00 00 00 00 00 00 00 00 00 00 00 00 00 00 00 00 00 00 00 
stored.unit[23] : 00 00 00 00 00 00 00 00 00 00 00 00 00 00 00 00 00 00 00 00 00 
================ Test Case(3) : interval 설정 0(Error), Init 1 Test ==================
Date:2022-2-9,12:39:0 Stored Date:2022-2-9,10:39:0 nData(0)
Input Meter Data
stored.unit[ 0] : 16 02 09 0A 27 00 01 00 00 00 00 00 00 00 00 00 00 00 00 00 00 
stored.unit[ 1] : 00 00 00 00 00 00 00 00 00 00 00 00 00 00 00 00 00 00 00 00 00 
stored.unit[ 2] : 00 00 00 00 00 00 00 00 00 00 00 00 00 00 00 00 00 00 00 00 00 
stored.unit[ 3] : 00 00 00 00 00 00 00 00 00 00 00 00 00 00 00 00 00 00 00 00 00 
stored.unit[ 4] : 00 00 00 00 00 00 00 00 00 00 00 00 00 00 00 00 00 00 00 00 00 
stored.unit[ 5] : 00 00 00 00 00 00 00 00 00 00 00 00 00 00 00 00 00 00 00 00 00 
stored.unit[ 6] : 00 00 00 00 00 00 00 00 00 00 00 00 00 00 00 00 00 00 00 00 00 
stored.unit[ 7] : 00 00 00 00 00 00 00 00 00 00 00 00 00 00 00 00 00 00 00 00 00 
stored.unit[ 8] : 00 00 00 00 00 00 00 00 00 00 00 00 00 00 00 00 00 00 00 00 00 
stored.unit[ 9] : 00 00 00 00 00 00 00 00 00 00 00 00 00 00 00 00 00 00 00 00 00 
stored.unit[10] : 00 00 00 00 00 00 00 00 00 00 00 00 00 00 00 00 00 00 00 00 00 
stored.unit[11] : 00 00 00 00 00 00 00 00 00 00 00 00 00 00 00 00 00 00 00 00 00 
stored.unit[12] : 00 00 00 00 00 00 00 00 00 00 00 00 00 00 00 00 00 00 00 00 00 
stored.unit[13] : 00 00 00 00 00 00 00 00 00 00 00 00 00 00 00 00 00 00 00 00 00 
stored.unit[14] : 00 00 00 00 00 00 00 00 00 00 00 00 00 00 00 00 00 00 00 00 00 
stored.unit[15] : 00 00 00 00 00 00 00 00 00 00 00 00 00 00 00 00 00 00 00 00 00 
stored.unit[16] : 00 00 00 00 00 00 00 00 00 00 00 00 00 00 00 00 00 00 00 00 00 
stored.unit[17] : 00 00 00 00 00 00 00 00 00 00 00 00 00 00 00 00 00 00 00 00 00 
stored.unit[18] : 00 00 00 00 00 00 00 00 00 00 00 00 00 00 00 00 00 00 00 00 00 
stored.unit[19] : 00 00 00 00 00 00 00 00 00 00 00 00 00 00 00 00 00 00 00 00 00 
stored.unit[20] : 00 00 00 00 00 00 00 00 00 00 00 00 00 00 00 00 00 00 00 00 00 
stored.unit[21] : 00 00 00 00 00 00 00 00 00 00 00 00 00 00 00 00 00 00 00 00 00 
stored.unit[22] : 00 00 00 00 00 00 00 00 00 00 00 00 00 00 00 00 00 00 00 00 00 
stored.unit[23] : 00 00 00 00 00 00 00 00 00 00 00 00 00 00 00 00 00 00 00 00 00 
Output Meter Data [After METER_addStoredData()]
stored.unit[ 0] : 16 02 09 0C 27 00 01 AA AA AA AA AA AA AA AA AA AA AA AA AA AA 
stored.unit[ 1] : 00 00 00 00 00 00 00 00 00 00 00 00 00 00 00 00 00 00 00 00 00 
stored.unit[ 2] : 00 00 00 00 00 00 00 00 00 00 00 00 00 00 00 00 00 00 00 00 00 
stored.unit[ 3] : 00 00 00 00 00 00 00 00 00 00 00 00 00 00 00 00 00 00 00 00 00 
stored.unit[ 4] : 00 00 00 00 00 00 00 00 00 00 00 00 00 00 00 00 00 00 00 00 00 
stored.unit[ 5] : 00 00 00 00 00 00 00 00 00 00 00 00 00 00 00 00 00 00 00 00 00 
stored.unit[ 6] : 00 00 00 00 00 00 00 00 00 00 00 00 00 00 00 00 00 00 00 00 00 
stored.unit[ 7] : 00 00 00 00 00 00 00 00 00 00 00 00 00 00 00 00 00 00 00 00 00 
stored.unit[ 8] : 00 00 00 00 00 00 00 00 00 00 00 00 00 00 00 00 00 00 00 00 00 
stored.unit[ 9] : 00 00 00 00 00 00 00 00 00 00 00 00 00 00 00 00 00 00 00 00 00 
stored.unit[10] : 00 00 00 00 00 00 00 00 00 00 00 00 00 00 00 00 00 00 00 00 00 
stored.unit[11] : 00 00 00 00 00 00 00 00 00 00 00 00 00 00 00 00 00 00 00 00 00 
stored.unit[12] : 00 00 00 00 00 00 00 00 00 00 00 00 00 00 00 00 00 00 00 00 00 
stored.unit[13] : 00 00 00 00 00 00 00 00 00 00 00 00 00 00 00 00 00 00 00 00 00 
stored.unit[14] : 00 00 00 00 00 00 00 00 00 00 00 00 00 00 00 00 00 00 00 00 00 
stored.unit[15] : 00 00 00 00 00 00 00 00 00 00 00 00 00 00 00 00 00 00 00 00 00 
stored.unit[16] : 00 00 00 00 00 00 00 00 00 00 00 00 00 00 00 00 00 00 00 00 00 
stored.unit[17] : 00 00 00 00 00 00 00 00 00 00 00 00 00 00 00 00 00 00 00 00 00 
stored.unit[18] : 00 00 00 00 00 00 00 00 00 00 00 00 00 00 00 00 00 00 00 00 00 
stored.unit[19] : 00 00 00 00 00 00 00 00 00 00 00 00 00 00 00 00 00 00 00 00 00 
stored.unit[20] : 00 00 00 00 00 00 00 00 00 00 00 00 00 00 00 00 00 00 00 00 00 
stored.unit[21] : 00 00 00 00 00 00 00 00 00 00 00 00 00 00 00 00 00 00 00 00 00 
stored.unit[22] : 00 00 00 00 00 00 00 00 00 00 00 00 00 00 00 00 00 00 00 00 00 
stored.unit[23] : 00 00 00 00 00 00 00 00 00 00 00 00 00 00 00 00 00 00 00 00 00 
================ Test Case(4) : interval 설정 25(Error), Init 1 ==================
Date:2022-2-9,12:39:0 Stored Date:2022-2-9,10:39:0 nData(0)
Input Meter Data
stored.unit[ 0] : 16 02 09 0A 27 00 01 00 00 00 00 00 00 00 00 00 00 00 00 00 00 
stored.unit[ 1] : 00 00 00 00 00 00 00 00 00 00 00 00 00 00 00 00 00 00 00 00 00 
stored.unit[ 2] : 00 00 00 00 00 00 00 00 00 00 00 00 00 00 00 00 00 00 00 00 00 
stored.unit[ 3] : 00 00 00 00 00 00 00 00 00 00 00 00 00 00 00 00 00 00 00 00 00 
stored.unit[ 4] : 00 00 00 00 00 00 00 00 00 00 00 00 00 00 00 00 00 00 00 00 00 
stored.unit[ 5] : 00 00 00 00 00 00 00 00 00 00 00 00 00 00 00 00 00 00 00 00 00 
stored.unit[ 6] : 00 00 00 00 00 00 00 00 00 00 00 00 00 00 00 00 00 00 00 00 00 
stored.unit[ 7] : 00 00 00 00 00 00 00 00 00 00 00 00 00 00 00 00 00 00 00 00 00 
stored.unit[ 8] : 00 00 00 00 00 00 00 00 00 00 00 00 00 00 00 00 00 00 00 00 00 
stored.unit[ 9] : 00 00 00 00 00 00 00 00 00 00 00 00 00 00 00 00 00 00 00 00 00 
stored.unit[10] : 00 00 00 00 00 00 00 00 00 00 00 00 00 00 00 00 00 00 00 00 00 
stored.unit[11] : 00 00 00 00 00 00 00 00 00 00 00 00 00 00 00 00 00 00 00 00 00 
stored.unit[12] : 00 00 00 00 00 00 00 00 00 00 00 00 00 00 00 00 00 00 00 00 00 
stored.unit[13] : 00 00 00 00 00 00 00 00 00 00 00 00 00 00 00 00 00 00 00 00 00 
stored.unit[14] : 00 00 00 00 00 00 00 00 00 00 00 00 00 00 00 00 00 00 00 00 00 
stored.unit[15] : 00 00 00 00 00 00 00 00 00 00 00 00 00 00 00 00 00 00 00 00 00 
stored.unit[16] : 00 00 00 00 00 00 00 00 00 00 00 00 00 00 00 00 00 00 00 00 00 
stored.unit[17] : 00 00 00 00 00 00 00 00 00 00 00 00 00 00 00 00 00 00 00 00 00 
stored.unit[18] : 00 00 00 00 00 00 00 00 00 00 00 00 00 00 00 00 00 00 00 00 00 
stored.unit[19] : 00 00 00 00 00 00 00 00 00 00 00 00 00 00 00 00 00 00 00 00 00 
stored.unit[20] : 00 00 00 00 00 00 00 00 00 00 00 00 00 00 00 00 00 00 00 00 00 
stored.unit[21] : 00 00 00 00 00 00 00 00 00 00 00 00 00 00 00 00 00 00 00 00 00 
stored.unit[22] : 00 00 00 00 00 00 00 00 00 00 00 00 00 00 00 00 00 00 00 00 00 
stored.unit[23] : 00 00 00 00 00 00 00 00 00 00 00 00 00 00 00 00 00 00 00 00 00 
Output Meter Data [After METER_addStoredData()]
stored.unit[ 0] : 16 02 09 0C 27 00 01 AA AA AA AA AA AA AA AA AA AA AA AA AA AA 
stored.unit[ 1] : 00 00 00 00 00 00 00 00 00 00 00 00 00 00 00 00 00 00 00 00 00 
stored.unit[ 2] : 00 00 00 00 00 00 00 00 00 00 00 00 00 00 00 00 00 00 00 00 00 
stored.unit[ 3] : 00 00 00 00 00 00 00 00 00 00 00 00 00 00 00 00 00 00 00 00 00 
stored.unit[ 4] : 00 00 00 00 00 00 00 00 00 00 00 00 00 00 00 00 00 00 00 00 00 
stored.unit[ 5] : 00 00 00 00 00 00 00 00 00 00 00 00 00 00 00 00 00 00 00 00 00 
stored.unit[ 6] : 00 00 00 00 00 00 00 00 00 00 00 00 00 00 00 00 00 00 00 00 00 
stored.unit[ 7] : 00 00 00 00 00 00 00 00 00 00 00 00 00 00 00 00 00 00 00 00 00 
stored.unit[ 8] : 00 00 00 00 00 00 00 00 00 00 00 00 00 00 00 00 00 00 00 00 00 
stored.unit[ 9] : 00 00 00 00 00 00 00 00 00 00 00 00 00 00 00 00 00 00 00 00 00 
stored.unit[10] : 00 00 00 00 00 00 00 00 00 00 00 00 00 00 00 00 00 00 00 00 00 
stored.unit[11] : 00 00 00 00 00 00 00 00 00 00 00 00 00 00 00 00 00 00 00 00 00 
stored.unit[12] : 00 00 00 00 00 00 00 00 00 00 00 00 00 00 00 00 00 00 00 00 00 
stored.unit[13] : 00 00 00 00 00 00 00 00 00 00 00 00 00 00 00 00 00 00 00 00 00 
stored.unit[14] : 00 00 00 00 00 00 00 00 00 00 00 00 00 00 00 00 00 00 00 00 00 
stored.unit[15] : 00 00 00 00 00 00 00 00 00 00 00 00 00 00 00 00 00 00 00 00 00 
stored.unit[16] : 00 00 00 00 00 00 00 00 00 00 00 00 00 00 00 00 00 00 00 00 00 
stored.unit[17] : 00 00 00 00 00 00 00 00 00 00 00 00 00 00 00 00 00 00 00 00 00 
stored.unit[18] : 00 00 00 00 00 00 00 00 00 00 00 00 00 00 00 00 00 00 00 00 00 
stored.unit[19] : 00 00 00 00 00 00 00 00 00 00 00 00 00 00 00 00 00 00 00 00 00 
stored.unit[20] : 00 00 00 00 00 00 00 00 00 00 00 00 00 00 00 00 00 00 00 00 00 
stored.unit[21] : 00 00 00 00 00 00 00 00 00 00 00 00 00 00 00 00 00 00 00 00 00 
stored.unit[22] : 00 00 00 00 00 00 00 00 00 00 00 00 00 00 00 00 00 00 00 00 00 
stored.unit[23] : 00 00 00 00 00 00 00 00 00 00 00 00 00 00 00 00 00 00 00 00 00 
================ Test Case(5) : saveInterval 2->4, nData Max ==================
Date:2022-2-9,12:39:0 Stored Date:2022-2-9,10:39:0 nData(24)
Input Meter Data
stored.unit[ 0] : 16 02 09 0A 27 00 01 00 00 00 00 00 00 00 00 00 00 00 00 00 00 
stored.unit[ 1] : 02 02 02 02 02 02 02 02 02 02 02 02 02 02 02 02 02 02 02 02 02 
stored.unit[ 2] : 03 03 03 03 03 03 03 03 03 03 03 03 03 03 03 03 03 03 03 03 03 
stored.unit[ 3] : 04 04 04 04 04 04 04 04 04 04 04 04 04 04 04 04 04 04 04 04 04 
stored.unit[ 4] : 05 05 05 05 05 05 05 05 05 05 05 05 05 05 05 05 05 05 05 05 05 
stored.unit[ 5] : 06 06 06 06 06 06 06 06 06 06 06 06 06 06 06 06 06 06 06 06 06 
stored.unit[ 6] : 07 07 07 07 07 07 07 07 07 07 07 07 07 07 07 07 07 07 07 07 07 
stored.unit[ 7] : 08 08 08 08 08 08 08 08 08 08 08 08 08 08 08 08 08 08 08 08 08 
stored.unit[ 8] : 09 09 09 09 09 09 09 09 09 09 09 09 09 09 09 09 09 09 09 09 09 
stored.unit[ 9] : 0A 0A 0A 0A 0A 0A 0A 0A 0A 0A 0A 0A 0A 0A 0A 0A 0A 0A 0A 0A 0A 
stored.unit[10] : 0B 0B 0B 0B 0B 0B 0B 0B 0B 0B 0B 0B 0B 0B 0B 0B 0B 0B 0B 0B 0B 
stored.unit[11] : 0C 0C 0C 0C 0C 0C 0C 0C 0C 0C 0C 0C 0C 0C 0C 0C 0C 0C 0C 0C 0C 
stored.unit[12] : 0D 0D 0D 0D 0D 0D 0D 0D 0D 0D 0D 0D 0D 0D 0D 0D 0D 0D 0D 0D 0D 
stored.unit[13] : 0E 0E 0E 0E 0E 0E 0E 0E 0E 0E 0E 0E 0E 0E 0E 0E 0E 0E 0E 0E 0E 
stored.unit[14] : 0F 0F 0F 0F 0F 0F 0F 0F 0F 0F 0F 0F 0F 0F 0F 0F 0F 0F 0F 0F 0F 
stored.unit[15] : 10 10 10 10 10 10 10 10 10 10 10 10 10 10 10 10 10 10 10 10 10 
stored.unit[16] : 11 11 11 11 11 11 11 11 11 11 11 11 11 11 11 11 11 11 11 11 11 
stored.unit[17] : 12 12 12 12 12 12 12 12 12 12 12 12 12 12 12 12 12 12 12 12 12 
stored.unit[18] : 13 13 13 13 13 13 13 13 13 13 13 13 13 13 13 13 13 13 13 13 13 
stored.unit[19] : 14 14 14 14 14 14 14 14 14 14 14 14 14 14 14 14 14 14 14 14 14 
stored.unit[20] : 15 15 15 15 15 15 15 15 15 15 15 15 15 15 15 15 15 15 15 15 15 
stored.unit[21] : 16 16 16 16 16 16 16 16 16 16 16 16 16 16 16 16 16 16 16 16 16 
stored.unit[22] : 17 17 17 17 17 17 17 17 17 17 17 17 17 17 17 17 17 17 17 17 17 
stored.unit[23] : 18 18 18 18 18 18 18 18 18 18 18 18 18 18 18 18 18 18 18 18 18 
Output Meter Data [After METER_addStoredData()]
stored.unit[ 0] : 16 02 09 0C 27 00 01 AA AA AA AA AA AA AA AA AA AA AA AA AA AA 
stored.unit[ 1] : 02 02 02 02 02 02 02 02 02 02 02 02 02 02 02 02 02 02 02 02 02 
stored.unit[ 2] : 04 04 04 04 04 04 04 04 04 04 04 04 04 04 04 04 04 04 04 04 04 
stored.unit[ 3] : 06 06 06 06 06 06 06 06 06 06 06 06 06 06 06 06 06 06 06 06 06 
stored.unit[ 4] : 08 08 08 08 08 08 08 08 08 08 08 08 08 08 08 08 08 08 08 08 08 
stored.unit[ 5] : 0A 0A 0A 0A 0A 0A 0A 0A 0A 0A 0A 0A 0A 0A 0A 0A 0A 0A 0A 0A 0A 
stored.unit[ 6] : 0C 0C 0C 0C 0C 0C 0C 0C 0C 0C 0C 0C 0C 0C 0C 0C 0C 0C 0C 0C 0C 
stored.unit[ 7] : 0E 0E 0E 0E 0E 0E 0E 0E 0E 0E 0E 0E 0E 0E 0E 0E 0E 0E 0E 0E 0E 
stored.unit[ 8] : 10 10 10 10 10 10 10 10 10 10 10 10 10 10 10 10 10 10 10 10 10 
stored.unit[ 9] : 12 12 12 12 12 12 12 12 12 12 12 12 12 12 12 12 12 12 12 12 12 
stored.unit[10] : 14 14 14 14 14 14 14 14 14 14 14 14 14 14 14 14 14 14 14 14 14 
stored.unit[11] : 16 16 16 16 16 16 16 16 16 16 16 16 16 16 16 16 16 16 16 16 16 
stored.unit[12] : 18 18 18 18 18 18 18 18 18 18 18 18 18 18 18 18 18 18 18 18 18 
stored.unit[13] : 00 00 00 00 00 00 00 00 00 00 00 00 00 00 00 00 00 00 00 00 00 
stored.unit[14] : 00 00 00 00 00 00 00 00 00 00 00 00 00 00 00 00 00 00 00 00 00 
stored.unit[15] : 00 00 00 00 00 00 00 00 00 00 00 00 00 00 00 00 00 00 00 00 00 
stored.unit[16] : 00 00 00 00 00 00 00 00 00 00 00 00 00 00 00 00 00 00 00 00 00 
stored.unit[17] : 00 00 00 00 00 00 00 00 00 00 00 00 00 00 00 00 00 00 00 00 00 
stored.unit[18] : 00 00 00 00 00 00 00 00 00 00 00 00 00 00 00 00 00 00 00 00 00 
stored.unit[19] : 00 00 00 00 00 00 00 00 00 00 00 00 00 00 00 00 00 00 00 00 00 
stored.unit[20] : 00 00 00 00 00 00 00 00 00 00 00 00 00 00 00 00 00 00 00 00 00 
stored.unit[21] : 00 00 00 00 00 00 00 00 00 00 00 00 00 00 00 00 00 00 00 00 00 
stored.unit[22] : 00 00 00 00 00 00 00 00 00 00 00 00 00 00 00 00 00 00 00 00 00 
stored.unit[23] : 00 00 00 00 00 00 00 00 00 00 00 00 00 00 00 00 00 00 00 00 00 
================ Test Case(6) : saveInterval 4 Not change, nData Max ==================
Date:2022-2-9,17:39:0 Stored Date:2022-2-9,10:39:0 nData(24)
Input Meter Data
stored.unit[ 0] : 16 02 09 0A 27 00 01 00 00 00 00 00 00 00 00 00 00 00 00 00 00 
stored.unit[ 1] : 02 02 02 02 02 02 02 02 02 02 02 02 02 02 02 02 02 02 02 02 02 
stored.unit[ 2] : 03 03 03 03 03 03 03 03 03 03 03 03 03 03 03 03 03 03 03 03 03 
stored.unit[ 3] : 04 04 04 04 04 04 04 04 04 04 04 04 04 04 04 04 04 04 04 04 04 
stored.unit[ 4] : 05 05 05 05 05 05 05 05 05 05 05 05 05 05 05 05 05 05 05 05 05 
stored.unit[ 5] : 06 06 06 06 06 06 06 06 06 06 06 06 06 06 06 06 06 06 06 06 06 
stored.unit[ 6] : 07 07 07 07 07 07 07 07 07 07 07 07 07 07 07 07 07 07 07 07 07 
stored.unit[ 7] : 08 08 08 08 08 08 08 08 08 08 08 08 08 08 08 08 08 08 08 08 08 
stored.unit[ 8] : 09 09 09 09 09 09 09 09 09 09 09 09 09 09 09 09 09 09 09 09 09 
stored.unit[ 9] : 0A 0A 0A 0A 0A 0A 0A 0A 0A 0A 0A 0A 0A 0A 0A 0A 0A 0A 0A 0A 0A 
stored.unit[10] : 0B 0B 0B 0B 0B 0B 0B 0B 0B 0B 0B 0B 0B 0B 0B 0B 0B 0B 0B 0B 0B 
stored.unit[11] : 0C 0C 0C 0C 0C 0C 0C 0C 0C 0C 0C 0C 0C 0C 0C 0C 0C 0C 0C 0C 0C 
stored.unit[12] : 0D 0D 0D 0D 0D 0D 0D 0D 0D 0D 0D 0D 0D 0D 0D 0D 0D 0D 0D 0D 0D 
stored.unit[13] : 0E 0E 0E 0E 0E 0E 0E 0E 0E 0E 0E 0E 0E 0E 0E 0E 0E 0E 0E 0E 0E 
stored.unit[14] : 0F 0F 0F 0F 0F 0F 0F 0F 0F 0F 0F 0F 0F 0F 0F 0F 0F 0F 0F 0F 0F 
stored.unit[15] : 10 10 10 10 10 10 10 10 10 10 10 10 10 10 10 10 10 10 10 10 10 
stored.unit[16] : 11 11 11 11 11 11 11 11 11 11 11 11 11 11 11 11 11 11 11 11 11 
stored.unit[17] : 12 12 12 12 12 12 12 12 12 12 12 12 12 12 12 12 12 12 12 12 12 
stored.unit[18] : 13 13 13 13 13 13 13 13 13 13 13 13 13 13 13 13 13 13 13 13 13 
stored.unit[19] : 14 14 14 14 14 14 14 14 14 14 14 14 14 14 14 14 14 14 14 14 14 
stored.unit[20] : 15 15 15 15 15 15 15 15 15 15 15 15 15 15 15 15 15 15 15 15 15 
stored.unit[21] : 16 16 16 16 16 16 16 16 16 16 16 16 16 16 16 16 16 16 16 16 16 
stored.unit[22] : 17 17 17 17 17 17 17 17 17 17 17 17 17 17 17 17 17 17 17 17 17 
stored.unit[23] : 18 18 18 18 18 18 18 18 18 18 18 18 18 18 18 18 18 18 18 18 18 
Output Meter Data [After METER_addStoredData()]
stored.unit[ 0] : 16 02 09 11 27 00 01 AA AA AA AA AA AA AA AA AA AA AA AA AA AA 
stored.unit[ 1] : 16 02 09 0A 27 00 01 00 00 00 00 00 00 00 00 00 00 00 00 00 00 
stored.unit[ 2] : 02 02 02 02 02 02 02 02 02 02 02 02 02 02 02 02 02 02 02 02 02 
stored.unit[ 3] : 03 03 03 03 03 03 03 03 03 03 03 03 03 03 03 03 03 03 03 03 03 
stored.unit[ 4] : 04 04 04 04 04 04 04 04 04 04 04 04 04 04 04 04 04 04 04 04 04 
stored.unit[ 5] : 05 05 05 05 05 05 05 05 05 05 05 05 05 05 05 05 05 05 05 05 05 
stored.unit[ 6] : 06 06 06 06 06 06 06 06 06 06 06 06 06 06 06 06 06 06 06 06 06 
stored.unit[ 7] : 07 07 07 07 07 07 07 07 07 07 07 07 07 07 07 07 07 07 07 07 07 
stored.unit[ 8] : 08 08 08 08 08 08 08 08 08 08 08 08 08 08 08 08 08 08 08 08 08 
stored.unit[ 9] : 09 09 09 09 09 09 09 09 09 09 09 09 09 09 09 09 09 09 09 09 09 
stored.unit[10] : 0A 0A 0A 0A 0A 0A 0A 0A 0A 0A 0A 0A 0A 0A 0A 0A 0A 0A 0A 0A 0A 
stored.unit[11] : 0B 0B 0B 0B 0B 0B 0B 0B 0B 0B 0B 0B 0B 0B 0B 0B 0B 0B 0B 0B 0B 
stored.unit[12] : 0C 0C 0C 0C 0C 0C 0C 0C 0C 0C 0C 0C 0C 0C 0C 0C 0C 0C 0C 0C 0C 
stored.unit[13] : 0D 0D 0D 0D 0D 0D 0D 0D 0D 0D 0D 0D 0D 0D 0D 0D 0D 0D 0D 0D 0D 
stored.unit[14] : 0E 0E 0E 0E 0E 0E 0E 0E 0E 0E 0E 0E 0E 0E 0E 0E 0E 0E 0E 0E 0E 
stored.unit[15] : 0F 0F 0F 0F 0F 0F 0F 0F 0F 0F 0F 0F 0F 0F 0F 0F 0F 0F 0F 0F 0F 
stored.unit[16] : 10 10 10 10 10 10 10 10 10 10 10 10 10 10 10 10 10 10 10 10 10 
stored.unit[17] : 11 11 11 11 11 11 11 11 11 11 11 11 11 11 11 11 11 11 11 11 11 
stored.unit[18] : 12 12 12 12 12 12 12 12 12 12 12 12 12 12 12 12 12 12 12 12 12 
stored.unit[19] : 13 13 13 13 13 13 13 13 13 13 13 13 13 13 13 13 13 13 13 13 13 
stored.unit[20] : 14 14 14 14 14 14 14 14 14 14 14 14 14 14 14 14 14 14 14 14 14 
stored.unit[21] : 15 15 15 15 15 15 15 15 15 15 15 15 15 15 15 15 15 15 15 15 15 
stored.unit[22] : 16 16 16 16 16 16 16 16 16 16 16 16 16 16 16 16 16 16 16 16 16 
stored.unit[23] : 17 17 17 17 17 17 17 17 17 17 17 17 17 17 17 17 17 17 17 17 17 
================ Test Case(7) : Diff Time is under saveInterval ==================
Date:2022-2-9,12:52:0 Stored Date:2022-2-9,12:39:0 nData(1)
Input Meter Data
stored.unit[ 0] : 16 02 09 0C 27 00 01 00 00 00 00 00 00 00 00 00 00 00 00 00 00 
stored.unit[ 1] : 00 00 00 00 00 00 00 00 00 00 00 00 00 00 00 00 00 00 00 00 00 
stored.unit[ 2] : 00 00 00 00 00 00 00 00 00 00 00 00 00 00 00 00 00 00 00 00 00 
stored.unit[ 3] : 00 00 00 00 00 00 00 00 00 00 00 00 00 00 00 00 00 00 00 00 00 
stored.unit[ 4] : 00 00 00 00 00 00 00 00 00 00 00 00 00 00 00 00 00 00 00 00 00 
stored.unit[ 5] : 00 00 00 00 00 00 00 00 00 00 00 00 00 00 00 00 00 00 00 00 00 
stored.unit[ 6] : 00 00 00 00 00 00 00 00 00 00 00 00 00 00 00 00 00 00 00 00 00 
stored.unit[ 7] : 00 00 00 00 00 00 00 00 00 00 00 00 00 00 00 00 00 00 00 00 00 
stored.unit[ 8] : 00 00 00 00 00 00 00 00 00 00 00 00 00 00 00 00 00 00 00 00 00 
stored.unit[ 9] : 00 00 00 00 00 00 00 00 00 00 00 00 00 00 00 00 00 00 00 00 00 
stored.unit[10] : 00 00 00 00 00 00 00 00 00 00 00 00 00 00 00 00 00 00 00 00 00 
stored.unit[11] : 00 00 00 00 00 00 00 00 00 00 00 00 00 00 00 00 00 00 00 00 00 
stored.unit[12] : 00 00 00 00 00 00 00 00 00 00 00 00 00 00 00 00 00 00 00 00 00 
stored.unit[13] : 00 00 00 00 00 00 00 00 00 00 00 00 00 00 00 00 00 00 00 00 00 
stored.unit[14] : 00 00 00 00 00 00 00 00 00 00 00 00 00 00 00 00 00 00 00 00 00 
stored.unit[15] : 00 00 00 00 00 00 00 00 00 00 00 00 00 00 00 00 00 00 00 00 00 
stored.unit[16] : 00 00 00 00 00 00 00 00 00 00 00 00 00 00 00 00 00 00 00 00 00 
stored.unit[17] : 00 00 00 00 00 00 00 00 00 00 00 00 00 00 00 00 00 00 00 00 00 
stored.unit[18] : 00 00 00 00 00 00 00 00 00 00 00 00 00 00 00 00 00 00 00 00 00 
stored.unit[19] : 00 00 00 00 00 00 00 00 00 00 00 00 00 00 00 00 00 00 00 00 00 
stored.unit[20] : 00 00 00 00 00 00 00 00 00 00 00 00 00 00 00 00 00 00 00 00 00 
stored.unit[21] : 00 00 00 00 00 00 00 00 00 00 00 00 00 00 00 00 00 00 00 00 00 
stored.unit[22] : 00 00 00 00 00 00 00 00 00 00 00 00 00 00 00 00 00 00 00 00 00 
stored.unit[23] : 00 00 00 00 00 00 00 00 00 00 00 00 00 00 00 00 00 00 00 00 00 
Output Meter Data [After METER_addStoredData()]
stored.unit[ 0] : 16 02 09 0C 27 00 01 00 00 00 00 00 00 00 00 00 00 00 00 00 00 
stored.unit[ 1] : 00 00 00 00 00 00 00 00 00 00 00 00 00 00 00 00 00 00 00 00 00 
stored.unit[ 2] : 00 00 00 00 00 00 00 00 00 00 00 00 00 00 00 00 00 00 00 00 00 
stored.unit[ 3] : 00 00 00 00 00 00 00 00 00 00 00 00 00 00 00 00 00 00 00 00 00 
stored.unit[ 4] : 00 00 00 00 00 00 00 00 00 00 00 00 00 00 00 00 00 00 00 00 00 
stored.unit[ 5] : 00 00 00 00 00 00 00 00 00 00 00 00 00 00 00 00 00 00 00 00 00 
stored.unit[ 6] : 00 00 00 00 00 00 00 00 00 00 00 00 00 00 00 00 00 00 00 00 00 
stored.unit[ 7] : 00 00 00 00 00 00 00 00 00 00 00 00 00 00 00 00 00 00 00 00 00 
stored.unit[ 8] : 00 00 00 00 00 00 00 00 00 00 00 00 00 00 00 00 00 00 00 00 00 
stored.unit[ 9] : 00 00 00 00 00 00 00 00 00 00 00 00 00 00 00 00 00 00 00 00 00 
stored.unit[10] : 00 00 00 00 00 00 00 00 00 00 00 00 00 00 00 00 00 00 00 00 00 
stored.unit[11] : 00 00 00 00 00 00 00 00 00 00 00 00 00 00 00 00 00 00 00 00 00 
stored.unit[12] : 00 00 00 00 00 00 00 00 00 00 00 00 00 00 00 00 00 00 00 00 00 
stored.unit[13] : 00 00 00 00 00 00 00 00 00 00 00 00 00 00 00 00 00 00 00 00 00 
stored.unit[14] : 00 00 00 00 00 00 00 00 00 00 00 00 00 00 00 00 00 00 00 00 00 
stored.unit[15] : 00 00 00 00 00 00 00 00 00 00 00 00 00 00 00 00 00 00 00 00 00 
stored.unit[16] : 00 00 00 00 00 00 00 00 00 00 00 00 00 00 00 00 00 00 00 00 00 
stored.unit[17] : 00 00 00 00 00 00 00 00 00 00 00 00 00 00 00 00 00 00 00 00 00 
stored.unit[18] : 00 00 00 00 00 00 00 00 00 00 00 00 00 00 00 00 00 00 00 00 00 
stored.unit[19] : 00 00 00 00 00 00 00 00 00 00 00 00 00 00 00 00 00 00 00 00 00 
stored.unit[20] : 00 00 00 00 00 00 00 00 00 00 00 00 00 00 00 00 00 00 00 00 00 
stored.unit[21] : 00 00 00 00 00 00 00 00 00 00 00 00 00 00 00 00 00 00 00 00 00 
stored.unit[22] : 00 00 00 00 00 00 00 00 00 00 00 00 00 00 00 00 00 00 00 00 00 
stored.unit[23] : 00 00 00 00 00 00 00 00 00 00 00 00 00 00 00 00 00 00 00 00 00 
================ Test Case(8) : Short Config ==================
Date:2022-2-9,12:52:0 Stored Date:2022-2-9,12:39:0 nData(4)
Input Meter Data
stored.unit[ 0] : 16 02 09 0C 27 00 01 00 00 00 00 00 00 00 00 00 00 00 00 00 00 
stored.unit[ 1] : 02 02 02 02 02 02 02 02 02 02 02 02 02 02 02 02 02 02 02 02 02 
stored.unit[ 2] : 03 03 03 03 03 03 03 03 03 03 03 03 03 03 03 03 03 03 03 03 03 
stored.unit[ 3] : 04 04 04 04 04 04 04 04 04 04 04 04 04 04 04 04 04 04 04 04 04 
stored.unit[ 4] : 00 00 00 00 00 00 00 00 00 00 00 00 00 00 00 00 00 00 00 00 00 
stored.unit[ 5] : 00 00 00 00 00 00 00 00 00 00 00 00 00 00 00 00 00 00 00 00 00 
stored.unit[ 6] : 00 00 00 00 00 00 00 00 00 00 00 00 00 00 00 00 00 00 00 00 00 
stored.unit[ 7] : 00 00 00 00 00 00 00 00 00 00 00 00 00 00 00 00 00 00 00 00 00 
stored.unit[ 8] : 00 00 00 00 00 00 00 00 00 00 00 00 00 00 00 00 00 00 00 00 00 
stored.unit[ 9] : 00 00 00 00 00 00 00 00 00 00 00 00 00 00 00 00 00 00 00 00 00 
stored.unit[10] : 00 00 00 00 00 00 00 00 00 00 00 00 00 00 00 00 00 00 00 00 00 
stored.unit[11] : 00 00 00 00 00 00 00 00 00 00 00 00 00 00 00 00 00 00 00 00 00 
stored.unit[12] : 00 00 00 00 00 00 00 00 00 00 00 00 00 00 00 00 00 00 00 00 00 
stored.unit[13] : 00 00 00 00 00 00 00 00 00 00 00 00 00 00 00 00 00 00 00 00 00 
stored.unit[14] : 00 00 00 00 00 00 00 00 00 00 00 00 00 00 00 00 00 00 00 00 00 
stored.unit[15] : 00 00 00 00 00 00 00 00 00 00 00 00 00 00 00 00 00 00 00 00 00 
stored.unit[16] : 00 00 00 00 00 00 00 00 00 00 00 00 00 00 00 00 00 00 00 00 00 
stored.unit[17] : 00 00 00 00 00 00 00 00 00 00 00 00 00 00 00 00 00 00 00 00 00 
stored.unit[18] : 00 00 00 00 00 00 00 00 00 00 00 00 00 00 00 00 00 00 00 00 00 
stored.unit[19] : 00 00 00 00 00 00 00 00 00 00 00 00 00 00 00 00 00 00 00 00 00 
stored.unit[20] : 00 00 00 00 00 00 00 00 00 00 00 00 00 00 00 00 00 00 00 00 00 
stored.unit[21] : 00 00 00 00 00 00 00 00 00 00 00 00 00 00 00 00 00 00 00 00 00 
stored.unit[22] : 00 00 00 00 00 00 00 00 00 00 00 00 00 00 00 00 00 00 00 00 00 
stored.unit[23] : 00 00 00 00 00 00 00 00 00 00 00 00 00 00 00 00 00 00 00 00 00 
Output Meter Data [After METER_addStoredData()]
stored.unit[ 0] : 16 02 09 0C 34 00 01 AA AA AA AA AA AA AA AA AA AA AA AA AA AA 
stored.unit[ 1] : 16 02 09 0C 27 00 01 00 00 00 00 00 00 00 00 00 00 00 00 00 00 
stored.unit[ 2] : 02 02 02 02 02 02 02 02 02 02 02 02 02 02 02 02 02 02 02 02 02 
stored.unit[ 3] : 03 03 03 03 03 03 03 03 03 03 03 03 03 03 03 03 03 03 03 03 03 
stored.unit[ 4] : 04 04 04 04 04 04 04 04 04 04 04 04 04 04 04 04 04 04 04 04 04 
stored.unit[ 5] : 00 00 00 00 00 00 00 00 00 00 00 00 00 00 00 00 00 00 00 00 00 
stored.unit[ 6] : 00 00 00 00 00 00 00 00 00 00 00 00 00 00 00 00 00 00 00 00 00 
stored.unit[ 7] : 00 00 00 00 00 00 00 00 00 00 00 00 00 00 00 00 00 00 00 00 00 
stored.unit[ 8] : 00 00 00 00 00 00 00 00 00 00 00 00 00 00 00 00 00 00 00 00 00 
stored.unit[ 9] : 00 00 00 00 00 00 00 00 00 00 00 00 00 00 00 00 00 00 00 00 00 
stored.unit[10] : 00 00 00 00 00 00 00 00 00 00 00 00 00 00 00 00 00 00 00 00 00 
stored.unit[11] : 00 00 00 00 00 00 00 00 00 00 00 00 00 00 00 00 00 00 00 00 00 
stored.unit[12] : 00 00 00 00 00 00 00 00 00 00 00 00 00 00 00 00 00 00 00 00 00 
stored.unit[13] : 00 00 00 00 00 00 00 00 00 00 00 00 00 00 00 00 00 00 00 00 00 
stored.unit[14] : 00 00 00 00 00 00 00 00 00 00 00 00 00 00 00 00 00 00 00 00 00 
stored.unit[15] : 00 00 00 00 00 00 00 00 00 00 00 00 00 00 00 00 00 00 00 00 00 
stored.unit[16] : 00 00 00 00 00 00 00 00 00 00 00 00 00 00 00 00 00 00 00 00 00 
stored.unit[17] : 00 00 00 00 00 00 00 00 00 00 00 00 00 00 00 00 00 00 00 00 00 
stored.unit[18] : 00 00 00 00 00 00 00 00 00 00 00 00 00 00 00 00 00 00 00 00 00 
stored.unit[19] : 00 00 00 00 00 00 00 00 00 00 00 00 00 00 00 00 00 00 00 00 00 
stored.unit[20] : 00 00 00 00 00 00 00 00 00 00 00 00 00 00 00 00 00 00 00 00 00 
stored.unit[21] : 00 00 00 00 00 00 00 00 00 00 00 00 00 00 00 00 00 00 00 00 00 
stored.unit[22] : 00 00 00 00 00 00 00 00 00 00 00 00 00 00 00 00 00 00 00 00 00 
stored.unit[23] : 00 00 00 00 00 00 00 00 00 00 00 00 00 00 00 00 00 00 00 00 00 
================ Test Case(9) : Short Config, nData Max ==================
Date:2022-2-9,12:52:0 Stored Date:2022-2-9,12:39:0 nData(24)
Input Meter Data
stored.unit[ 0] : 16 02 09 0C 27 00 01 00 00 00 00 00 00 00 00 00 00 00 00 00 00 
stored.unit[ 1] : 02 02 02 02 02 02 02 02 02 02 02 02 02 02 02 02 02 02 02 02 02 
stored.unit[ 2] : 03 03 03 03 03 03 03 03 03 03 03 03 03 03 03 03 03 03 03 03 03 
stored.unit[ 3] : 04 04 04 04 04 04 04 04 04 04 04 04 04 04 04 04 04 04 04 04 04 
stored.unit[ 4] : 05 05 05 05 05 05 05 05 05 05 05 05 05 05 05 05 05 05 05 05 05 
stored.unit[ 5] : 06 06 06 06 06 06 06 06 06 06 06 06 06 06 06 06 06 06 06 06 06 
stored.unit[ 6] : 07 07 07 07 07 07 07 07 07 07 07 07 07 07 07 07 07 07 07 07 07 
stored.unit[ 7] : 08 08 08 08 08 08 08 08 08 08 08 08 08 08 08 08 08 08 08 08 08 
stored.unit[ 8] : 09 09 09 09 09 09 09 09 09 09 09 09 09 09 09 09 09 09 09 09 09 
stored.unit[ 9] : 0A 0A 0A 0A 0A 0A 0A 0A 0A 0A 0A 0A 0A 0A 0A 0A 0A 0A 0A 0A 0A 
stored.unit[10] : 0B 0B 0B 0B 0B 0B 0B 0B 0B 0B 0B 0B 0B 0B 0B 0B 0B 0B 0B 0B 0B 
stored.unit[11] : 0C 0C 0C 0C 0C 0C 0C 0C 0C 0C 0C 0C 0C 0C 0C 0C 0C 0C 0C 0C 0C 
stored.unit[12] : 0D 0D 0D 0D 0D 0D 0D 0D 0D 0D 0D 0D 0D 0D 0D 0D 0D 0D 0D 0D 0D 
stored.unit[13] : 0E 0E 0E 0E 0E 0E 0E 0E 0E 0E 0E 0E 0E 0E 0E 0E 0E 0E 0E 0E 0E 
stored.unit[14] : 0F 0F 0F 0F 0F 0F 0F 0F 0F 0F 0F 0F 0F 0F 0F 0F 0F 0F 0F 0F 0F 
stored.unit[15] : 10 10 10 10 10 10 10 10 10 10 10 10 10 10 10 10 10 10 10 10 10 
stored.unit[16] : 11 11 11 11 11 11 11 11 11 11 11 11 11 11 11 11 11 11 11 11 11 
stored.unit[17] : 12 12 12 12 12 12 12 12 12 12 12 12 12 12 12 12 12 12 12 12 12 
stored.unit[18] : 13 13 13 13 13 13 13 13 13 13 13 13 13 13 13 13 13 13 13 13 13 
stored.unit[19] : 14 14 14 14 14 14 14 14 14 14 14 14 14 14 14 14 14 14 14 14 14 
stored.unit[20] : 15 15 15 15 15 15 15 15 15 15 15 15 15 15 15 15 15 15 15 15 15 
stored.unit[21] : 16 16 16 16 16 16 16 16 16 16 16 16 16 16 16 16 16 16 16 16 16 
stored.unit[22] : 17 17 17 17 17 17 17 17 17 17 17 17 17 17 17 17 17 17 17 17 17 
stored.unit[23] : 18 18 18 18 18 18 18 18 18 18 18 18 18 18 18 18 18 18 18 18 18 
Output Meter Data [After METER_addStoredData()]
stored.unit[ 0] : 16 02 09 0C 34 00 01 AA AA AA AA AA AA AA AA AA AA AA AA AA AA 
stored.unit[ 1] : 02 02 02 02 02 02 02 02 02 02 02 02 02 02 02 02 02 02 02 02 02 
stored.unit[ 2] : 04 04 04 04 04 04 04 04 04 04 04 04 04 04 04 04 04 04 04 04 04 
stored.unit[ 3] : 06 06 06 06 06 06 06 06 06 06 06 06 06 06 06 06 06 06 06 06 06 
stored.unit[ 4] : 08 08 08 08 08 08 08 08 08 08 08 08 08 08 08 08 08 08 08 08 08 
stored.unit[ 5] : 0A 0A 0A 0A 0A 0A 0A 0A 0A 0A 0A 0A 0A 0A 0A 0A 0A 0A 0A 0A 0A 
stored.unit[ 6] : 0C 0C 0C 0C 0C 0C 0C 0C 0C 0C 0C 0C 0C 0C 0C 0C 0C 0C 0C 0C 0C 
stored.unit[ 7] : 0E 0E 0E 0E 0E 0E 0E 0E 0E 0E 0E 0E 0E 0E 0E 0E 0E 0E 0E 0E 0E 
stored.unit[ 8] : 10 10 10 10 10 10 10 10 10 10 10 10 10 10 10 10 10 10 10 10 10 
stored.unit[ 9] : 12 12 12 12 12 12 12 12 12 12 12 12 12 12 12 12 12 12 12 12 12 
stored.unit[10] : 14 14 14 14 14 14 14 14 14 14 14 14 14 14 14 14 14 14 14 14 14 
stored.unit[11] : 16 16 16 16 16 16 16 16 16 16 16 16 16 16 16 16 16 16 16 16 16 
stored.unit[12] : 18 18 18 18 18 18 18 18 18 18 18 18 18 18 18 18 18 18 18 18 18 
stored.unit[13] : 00 00 00 00 00 00 00 00 00 00 00 00 00 00 00 00 00 00 00 00 00 
stored.unit[14] : 00 00 00 00 00 00 00 00 00 00 00 00 00 00 00 00 00 00 00 00 00 
stored.unit[15] : 00 00 00 00 00 00 00 00 00 00 00 00 00 00 00 00 00 00 00 00 00 
stored.unit[16] : 00 00 00 00 00 00 00 00 00 00 00 00 00 00 00 00 00 00 00 00 00 
stored.unit[17] : 00 00 00 00 00 00 00 00 00 00 00 00 00 00 00 00 00 00 00 00 00 
stored.unit[18] : 00 00 00 00 00 00 00 00 00 00 00 00 00 00 00 00 00 00 00 00 00 
stored.unit[19] : 00 00 00 00 00 00 00 00 00 00 00 00 00 00 00 00 00 00 00 00 00 
stored.unit[20] : 00 00 00 00 00 00 00 00 00 00 00 00 00 00 00 00 00 00 00 00 00 
stored.unit[21] : 00 00 00 00 00 00 00 00 00 00 00 00 00 00 00 00 00 00 00 00 00 
stored.unit[22] : 00 00 00 00 00 00 00 00 00 00 00 00 00 00 00 00 00 00 00 00 00 
stored.unit[23] : 00 00 00 00 00 00 00 00 00 00 00 00 00 00 00 00 00 00 00 00 00 
================ Test Case(10) : Short Config, diff Time under Interval setting ==================
Date:2022-2-9,12:39:0 Stored Date:2022-2-9,12:39:0 nData(1)
Input Meter Data
stored.unit[ 0] : 16 02 09 0C 27 00 01 00 00 00 00 00 00 00 00 00 00 00 00 00 00 
stored.unit[ 1] : 00 00 00 00 00 00 00 00 00 00 00 00 00 00 00 00 00 00 00 00 00 
stored.unit[ 2] : 00 00 00 00 00 00 00 00 00 00 00 00 00 00 00 00 00 00 00 00 00 
stored.unit[ 3] : 00 00 00 00 00 00 00 00 00 00 00 00 00 00 00 00 00 00 00 00 00 
stored.unit[ 4] : 00 00 00 00 00 00 00 00 00 00 00 00 00 00 00 00 00 00 00 00 00 
stored.unit[ 5] : 00 00 00 00 00 00 00 00 00 00 00 00 00 00 00 00 00 00 00 00 00 
stored.unit[ 6] : 00 00 00 00 00 00 00 00 00 00 00 00 00 00 00 00 00 00 00 00 00 
stored.unit[ 7] : 00 00 00 00 00 00 00 00 00 00 00 00 00 00 00 00 00 00 00 00 00 
stored.unit[ 8] : 00 00 00 00 00 00 00 00 00 00 00 00 00 00 00 00 00 00 00 00 00 
stored.unit[ 9] : 00 00 00 00 00 00 00 00 00 00 00 00 00 00 00 00 00 00 00 00 00 
stored.unit[10] : 00 00 00 00 00 00 00 00 00 00 00 00 00 00 00 00 00 00 00 00 00 
stored.unit[11] : 00 00 00 00 00 00 00 00 00 00 00 00 00 00 00 00 00 00 00 00 00 
stored.unit[12] : 00 00 00 00 00 00 00 00 00 00 00 00 00 00 00 00 00 00 00 00 00 
stored.unit[13] : 00 00 00 00 00 00 00 00 00 00 00 00 00 00 00 00 00 00 00 00 00 
stored.unit[14] : 00 00 00 00 00 00 00 00 00 00 00 00 00 00 00 00 00 00 00 00 00 
stored.unit[15] : 00 00 00 00 00 00 00 00 00 00 00 00 00 00 00 00 00 00 00 00 00 
stored.unit[16] : 00 00 00 00 00 00 00 00 00 00 00 00 00 00 00 00 00 00 00 00 00 
stored.unit[17] : 00 00 00 00 00 00 00 00 00 00 00 00 00 00 00 00 00 00 00 00 00 
stored.unit[18] : 00 00 00 00 00 00 00 00 00 00 00 00 00 00 00 00 00 00 00 00 00 
stored.unit[19] : 00 00 00 00 00 00 00 00 00 00 00 00 00 00 00 00 00 00 00 00 00 
stored.unit[20] : 00 00 00 00 00 00 00 00 00 00 00 00 00 00 00 00 00 00 00 00 00 
stored.unit[21] : 00 00 00 00 00 00 00 00 00 00 00 00 00 00 00 00 00 00 00 00 00 
stored.unit[22] : 00 00 00 00 00 00 00 00 00 00 00 00 00 00 00 00 00 00 00 00 00 
stored.unit[23] : 00 00 00 00 00 00 00 00 00 00 00 00 00 00 00 00 00 00 00 00 00 
Output Meter Data [After METER_addStoredData()]
stored.unit[ 0] : 16 02 09 0C 27 00 01 00 00 00 00 00 00 00 00 00 00 00 00 00 00 
stored.unit[ 1] : 00 00 00 00 00 00 00 00 00 00 00 00 00 00 00 00 00 00 00 00 00 
stored.unit[ 2] : 00 00 00 00 00 00 00 00 00 00 00 00 00 00 00 00 00 00 00 00 00 
stored.unit[ 3] : 00 00 00 00 00 00 00 00 00 00 00 00 00 00 00 00 00 00 00 00 00 
stored.unit[ 4] : 00 00 00 00 00 00 00 00 00 00 00 00 00 00 00 00 00 00 00 00 00 
stored.unit[ 5] : 00 00 00 00 00 00 00 00 00 00 00 00 00 00 00 00 00 00 00 00 00 
stored.unit[ 6] : 00 00 00 00 00 00 00 00 00 00 00 00 00 00 00 00 00 00 00 00 00 
stored.unit[ 7] : 00 00 00 00 00 00 00 00 00 00 00 00 00 00 00 00 00 00 00 00 00 
stored.unit[ 8] : 00 00 00 00 00 00 00 00 00 00 00 00 00 00 00 00 00 00 00 00 00 
stored.unit[ 9] : 00 00 00 00 00 00 00 00 00 00 00 00 00 00 00 00 00 00 00 00 00 
stored.unit[10] : 00 00 00 00 00 00 00 00 00 00 00 00 00 00 00 00 00 00 00 00 00 
stored.unit[11] : 00 00 00 00 00 00 00 00 00 00 00 00 00 00 00 00 00 00 00 00 00 
stored.unit[12] : 00 00 00 00 00 00 00 00 00 00 00 00 00 00 00 00 00 00 00 00 00 
stored.unit[13] : 00 00 00 00 00 00 00 00 00 00 00 00 00 00 00 00 00 00 00 00 00 
stored.unit[14] : 00 00 00 00 00 00 00 00 00 00 00 00 00 00 00 00 00 00 00 00 00 
stored.unit[15] : 00 00 00 00 00 00 00 00 00 00 00 00 00 00 00 00 00 00 00 00 00 
stored.unit[16] : 00 00 00 00 00 00 00 00 00 00 00 00 00 00 00 00 00 00 00 00 00 
stored.unit[17] : 00 00 00 00 00 00 00 00 00 00 00 00 00 00 00 00 00 00 00 00 00 
stored.unit[18] : 00 00 00 00 00 00 00 00 00 00 00 00 00 00 00 00 00 00 00 00 00 
stored.unit[19] : 00 00 00 00 00 00 00 00 00 00 00 00 00 00 00 00 00 00 00 00 00 
stored.unit[20] : 00 00 00 00 00 00 00 00 00 00 00 00 00 00 00 00 00 00 00 00 00 
stored.unit[21] : 00 00 00 00 00 00 00 00 00 00 00 00 00 00 00 00 00 00 00 00 00 
stored.unit[22] : 00 00 00 00 00 00 00 00 00 00 00 00 00 00 00 00 00 00 00 00 00 
stored.unit[23] : 00 00 00 00 00 00 00 00 00 00 00 00 00 00 00 00 00 00 00 00 00 
================ Test Case(11) : Coverage Test, Under Year MIN ==================
Date:0-2-9,14:39:0 Stored Date:2022-2-9,12:39:0 nData(1)
Input Meter Data
stored.unit[ 0] : 16 02 09 0C 27 00 01 00 00 00 00 00 00 00 00 00 00 00 00 00 00 
stored.unit[ 1] : 00 00 00 00 00 00 00 00 00 00 00 00 00 00 00 00 00 00 00 00 00 
stored.unit[ 2] : 00 00 00 00 00 00 00 00 00 00 00 00 00 00 00 00 00 00 00 00 00 
stored.unit[ 3] : 00 00 00 00 00 00 00 00 00 00 00 00 00 00 00 00 00 00 00 00 00 
stored.unit[ 4] : 00 00 00 00 00 00 00 00 00 00 00 00 00 00 00 00 00 00 00 00 00 
stored.unit[ 5] : 00 00 00 00 00 00 00 00 00 00 00 00 00 00 00 00 00 00 00 00 00 
stored.unit[ 6] : 00 00 00 00 00 00 00 00 00 00 00 00 00 00 00 00 00 00 00 00 00 
stored.unit[ 7] : 00 00 00 00 00 00 00 00 00 00 00 00 00 00 00 00 00 00 00 00 00 
stored.unit[ 8] : 00 00 00 00 00 00 00 00 00 00 00 00 00 00 00 00 00 00 00 00 00 
stored.unit[ 9] : 00 00 00 00 00 00 00 00 00 00 00 00 00 00 00 00 00 00 00 00 00 
stored.unit[10] : 00 00 00 00 00 00 00 00 00 00 00 00 00 00 00 00 00 00 00 00 00 
stored.unit[11] : 00 00 00 00 00 00 00 00 00 00 00 00 00 00 00 00 00 00 00 00 00 
stored.unit[12] : 00 00 00 00 00 00 00 00 00 00 00 00 00 00 00 00 00 00 00 00 00 
stored.unit[13] : 00 00 00 00 00 00 00 00 00 00 00 00 00 00 00 00 00 00 00 00 00 
stored.unit[14] : 00 00 00 00 00 00 00 00 00 00 00 00 00 00 00 00 00 00 00 00 00 
stored.unit[15] : 00 00 00 00 00 00 00 00 00 00 00 00 00 00 00 00 00 00 00 00 00 
stored.unit[16] : 00 00 00 00 00 00 00 00 00 00 00 00 00 00 00 00 00 00 00 00 00 
stored.unit[17] : 00 00 00 00 00 00 00 00 00 00 00 00 00 00 00 00 00 00 00 00 00 
stored.unit[18] : 00 00 00 00 00 00 00 00 00 00 00 00 00 00 00 00 00 00 00 00 00 
stored.unit[19] : 00 00 00 00 00 00 00 00 00 00 00 00 00 00 00 00 00 00 00 00 00 
stored.unit[20] : 00 00 00 00 00 00 00 00 00 00 00 00 00 00 00 00 00 00 00 00 00 
stored.unit[21] : 00 00 00 00 00 00 00 00 00 00 00 00 00 00 00 00 00 00 00 00 00 
stored.unit[22] : 00 00 00 00 00 00 00 00 00 00 00 00 00 00 00 00 00 00 00 00 00 
stored.unit[23] : 00 00 00 00 00 00 00 00 00 00 00 00 00 00 00 00 00 00 00 00 00 
Output Meter Data [After METER_addStoredData()]
stored.unit[ 0] : AA AA AA AA AA AA AA AA AA AA AA AA AA AA AA AA AA AA AA AA AA 
stored.unit[ 1] : 16 02 09 0C 27 00 01 00 00 00 00 00 00 00 00 00 00 00 00 00 00 
stored.unit[ 2] : 00 00 00 00 00 00 00 00 00 00 00 00 00 00 00 00 00 00 00 00 00 
stored.unit[ 3] : 00 00 00 00 00 00 00 00 00 00 00 00 00 00 00 00 00 00 00 00 00 
stored.unit[ 4] : 00 00 00 00 00 00 00 00 00 00 00 00 00 00 00 00 00 00 00 00 00 
stored.unit[ 5] : 00 00 00 00 00 00 00 00 00 00 00 00 00 00 00 00 00 00 00 00 00 
stored.unit[ 6] : 00 00 00 00 00 00 00 00 00 00 00 00 00 00 00 00 00 00 00 00 00 
stored.unit[ 7] : 00 00 00 00 00 00 00 00 00 00 00 00 00 00 00 00 00 00 00 00 00 
stored.unit[ 8] : 00 00 00 00 00 00 00 00 00 00 00 00 00 00 00 00 00 00 00 00 00 
stored.unit[ 9] : 00 00 00 00 00 00 00 00 00 00 00 00 00 00 00 00 00 00 00 00 00 
stored.unit[10] : 00 00 00 00 00 00 00 00 00 00 00 00 00 00 00 00 00 00 00 00 00 
stored.unit[11] : 00 00 00 00 00 00 00 00 00 00 00 00 00 00 00 00 00 00 00 00 00 
stored.unit[12] : 00 00 00 00 00 00 00 00 00 00 00 00 00 00 00 00 00 00 00 00 00 
stored.unit[13] : 00 00 00 00 00 00 00 00 00 00 00 00 00 00 00 00 00 00 00 00 00 
stored.unit[14] : 00 00 00 00 00 00 00 00 00 00 00 00 00 00 00 00 00 00 00 00 00 
stored.unit[15] : 00 00 00 00 00 00 00 00 00 00 00 00 00 00 00 00 00 00 00 00 00 
stored.unit[16] : 00 00 00 00 00 00 00 00 00 00 00 00 00 00 00 00 00 00 00 00 00 
stored.unit[17] : 00 00 00 00 00 00 00 00 00 00 00 00 00 00 00 00 00 00 00 00 00 
stored.unit[18] : 00 00 00 00 00 00 00 00 00 00 00 00 00 00 00 00 00 00 00 00 00 
stored.unit[19] : 00 00 00 00 00 00 00 00 00 00 00 00 00 00 00 00 00 00 00 00 00 
stored.unit[20] : 00 00 00 00 00 00 00 00 00 00 00 00 00 00 00 00 00 00 00 00 00 
stored.unit[21] : 00 00 00 00 00 00 00 00 00 00 00 00 00 00 00 00 00 00 00 00 00 
stored.unit[22] : 00 00 00 00 00 00 00 00 00 00 00 00 00 00 00 00 00 00 00 00 00 
stored.unit[23] : 00 00 00 00 00 00 00 00 00 00 00 00 00 00 00 00 00 00 00 00 00 
================ Test Case(12) : Coverage Test, Over Year MAX ==================
Date:2500-2-9,14:39:0 Stored Date:2022-2-9,12:39:0 nData(1)
Input Meter Data
stored.unit[ 0] : 16 02 09 0C 27 00 01 00 00 00 00 00 00 00 00 00 00 00 00 00 00 
stored.unit[ 1] : 00 00 00 00 00 00 00 00 00 00 00 00 00 00 00 00 00 00 00 00 00 
stored.unit[ 2] : 00 00 00 00 00 00 00 00 00 00 00 00 00 00 00 00 00 00 00 00 00 
stored.unit[ 3] : 00 00 00 00 00 00 00 00 00 00 00 00 00 00 00 00 00 00 00 00 00 
stored.unit[ 4] : 00 00 00 00 00 00 00 00 00 00 00 00 00 00 00 00 00 00 00 00 00 
stored.unit[ 5] : 00 00 00 00 00 00 00 00 00 00 00 00 00 00 00 00 00 00 00 00 00 
stored.unit[ 6] : 00 00 00 00 00 00 00 00 00 00 00 00 00 00 00 00 00 00 00 00 00 
stored.unit[ 7] : 00 00 00 00 00 00 00 00 00 00 00 00 00 00 00 00 00 00 00 00 00 
stored.unit[ 8] : 00 00 00 00 00 00 00 00 00 00 00 00 00 00 00 00 00 00 00 00 00 
stored.unit[ 9] : 00 00 00 00 00 00 00 00 00 00 00 00 00 00 00 00 00 00 00 00 00 
stored.unit[10] : 00 00 00 00 00 00 00 00 00 00 00 00 00 00 00 00 00 00 00 00 00 
stored.unit[11] : 00 00 00 00 00 00 00 00 00 00 00 00 00 00 00 00 00 00 00 00 00 
stored.unit[12] : 00 00 00 00 00 00 00 00 00 00 00 00 00 00 00 00 00 00 00 00 00 
stored.unit[13] : 00 00 00 00 00 00 00 00 00 00 00 00 00 00 00 00 00 00 00 00 00 
stored.unit[14] : 00 00 00 00 00 00 00 00 00 00 00 00 00 00 00 00 00 00 00 00 00 
stored.unit[15] : 00 00 00 00 00 00 00 00 00 00 00 00 00 00 00 00 00 00 00 00 00 
stored.unit[16] : 00 00 00 00 00 00 00 00 00 00 00 00 00 00 00 00 00 00 00 00 00 
stored.unit[17] : 00 00 00 00 00 00 00 00 00 00 00 00 00 00 00 00 00 00 00 00 00 
stored.unit[18] : 00 00 00 00 00 00 00 00 00 00 00 00 00 00 00 00 00 00 00 00 00 
stored.unit[19] : 00 00 00 00 00 00 00 00 00 00 00 00 00 00 00 00 00 00 00 00 00 
stored.unit[20] : 00 00 00 00 00 00 00 00 00 00 00 00 00 00 00 00 00 00 00 00 00 
stored.unit[21] : 00 00 00 00 00 00 00 00 00 00 00 00 00 00 00 00 00 00 00 00 00 
stored.unit[22] : 00 00 00 00 00 00 00 00 00 00 00 00 00 00 00 00 00 00 00 00 00 
stored.unit[23] : 00 00 00 00 00 00 00 00 00 00 00 00 00 00 00 00 00 00 00 00 00 
Output Meter Data [After METER_addStoredData()]
stored.unit[ 0] : AA AA AA AA AA AA AA AA AA AA AA AA AA AA AA AA AA AA AA AA AA 
stored.unit[ 1] : 16 02 09 0C 27 00 01 00 00 00 00 00 00 00 00 00 00 00 00 00 00 
stored.unit[ 2] : 00 00 00 00 00 00 00 00 00 00 00 00 00 00 00 00 00 00 00 00 00 
stored.unit[ 3] : 00 00 00 00 00 00 00 00 00 00 00 00 00 00 00 00 00 00 00 00 00 
stored.unit[ 4] : 00 00 00 00 00 00 00 00 00 00 00 00 00 00 00 00 00 00 00 00 00 
stored.unit[ 5] : 00 00 00 00 00 00 00 00 00 00 00 00 00 00 00 00 00 00 00 00 00 
stored.unit[ 6] : 00 00 00 00 00 00 00 00 00 00 00 00 00 00 00 00 00 00 00 00 00 
stored.unit[ 7] : 00 00 00 00 00 00 00 00 00 00 00 00 00 00 00 00 00 00 00 00 00 
stored.unit[ 8] : 00 00 00 00 00 00 00 00 00 00 00 00 00 00 00 00 00 00 00 00 00 
stored.unit[ 9] : 00 00 00 00 00 00 00 00 00 00 00 00 00 00 00 00 00 00 00 00 00 
stored.unit[10] : 00 00 00 00 00 00 00 00 00 00 00 00 00 00 00 00 00 00 00 00 00 
stored.unit[11] : 00 00 00 00 00 00 00 00 00 00 00 00 00 00 00 00 00 00 00 00 00 
stored.unit[12] : 00 00 00 00 00 00 00 00 00 00 00 00 00 00 00 00 00 00 00 00 00 
stored.unit[13] : 00 00 00 00 00 00 00 00 00 00 00 00 00 00 00 00 00 00 00 00 00 
stored.unit[14] : 00 00 00 00 00 00 00 00 00 00 00 00 00 00 00 00 00 00 00 00 00 
stored.unit[15] : 00 00 00 00 00 00 00 00 00 00 00 00 00 00 00 00 00 00 00 00 00 
stored.unit[16] : 00 00 00 00 00 00 00 00 00 00 00 00 00 00 00 00 00 00 00 00 00 
stored.unit[17] : 00 00 00 00 00 00 00 00 00 00 00 00 00 00 00 00 00 00 00 00 00 
stored.unit[18] : 00 00 00 00 00 00 00 00 00 00 00 00 00 00 00 00 00 00 00 00 00 
stored.unit[19] : 00 00 00 00 00 00 00 00 00 00 00 00 00 00 00 00 00 00 00 00 00 
stored.unit[20] : 00 00 00 00 00 00 00 00 00 00 00 00 00 00 00 00 00 00 00 00 00 
stored.unit[21] : 00 00 00 00 00 00 00 00 00 00 00 00 00 00 00 00 00 00 00 00 00 
stored.unit[22] : 00 00 00 00 00 00 00 00 00 00 00 00 00 00 00 00 00 00 00 00 00 
stored.unit[23] : 00 00 00 00 00 00 00 00 00 00 00 00 00 00 00 00 00 00 00 00 00 
================ Test Case(13) : Coverage Test, Under Month MIN ==================
Date:2022-0-9,14:39:0 Stored Date:2022-2-9,12:39:0 nData(1)
Input Meter Data
stored.unit[ 0] : 16 02 09 0C 27 00 01 00 00 00 00 00 00 00 00 00 00 00 00 00 00 
stored.unit[ 1] : 00 00 00 00 00 00 00 00 00 00 00 00 00 00 00 00 00 00 00 00 00 
stored.unit[ 2] : 00 00 00 00 00 00 00 00 00 00 00 00 00 00 00 00 00 00 00 00 00 
stored.unit[ 3] : 00 00 00 00 00 00 00 00 00 00 00 00 00 00 00 00 00 00 00 00 00 
stored.unit[ 4] : 00 00 00 00 00 00 00 00 00 00 00 00 00 00 00 00 00 00 00 00 00 
stored.unit[ 5] : 00 00 00 00 00 00 00 00 00 00 00 00 00 00 00 00 00 00 00 00 00 
stored.unit[ 6] : 00 00 00 00 00 00 00 00 00 00 00 00 00 00 00 00 00 00 00 00 00 
stored.unit[ 7] : 00 00 00 00 00 00 00 00 00 00 00 00 00 00 00 00 00 00 00 00 00 
stored.unit[ 8] : 00 00 00 00 00 00 00 00 00 00 00 00 00 00 00 00 00 00 00 00 00 
stored.unit[ 9] : 00 00 00 00 00 00 00 00 00 00 00 00 00 00 00 00 00 00 00 00 00 
stored.unit[10] : 00 00 00 00 00 00 00 00 00 00 00 00 00 00 00 00 00 00 00 00 00 
stored.unit[11] : 00 00 00 00 00 00 00 00 00 00 00 00 00 00 00 00 00 00 00 00 00 
stored.unit[12] : 00 00 00 00 00 00 00 00 00 00 00 00 00 00 00 00 00 00 00 00 00 
stored.unit[13] : 00 00 00 00 00 00 00 00 00 00 00 00 00 00 00 00 00 00 00 00 00 
stored.unit[14] : 00 00 00 00 00 00 00 00 00 00 00 00 00 00 00 00 00 00 00 00 00 
stored.unit[15] : 00 00 00 00 00 00 00 00 00 00 00 00 00 00 00 00 00 00 00 00 00 
stored.unit[16] : 00 00 00 00 00 00 00 00 00 00 00 00 00 00 00 00 00 00 00 00 00 
stored.unit[17] : 00 00 00 00 00 00 00 00 00 00 00 00 00 00 00 00 00 00 00 00 00 
stored.unit[18] : 00 00 00 00 00 00 00 00 00 00 00 00 00 00 00 00 00 00 00 00 00 
stored.unit[19] : 00 00 00 00 00 00 00 00 00 00 00 00 00 00 00 00 00 00 00 00 00 
stored.unit[20] : 00 00 00 00 00 00 00 00 00 00 00 00 00 00 00 00 00 00 00 00 00 
stored.unit[21] : 00 00 00 00 00 00 00 00 00 00 00 00 00 00 00 00 00 00 00 00 00 
stored.unit[22] : 00 00 00 00 00 00 00 00 00 00 00 00 00 00 00 00 00 00 00 00 00 
stored.unit[23] : 00 00 00 00 00 00 00 00 00 00 00 00 00 00 00 00 00 00 00 00 00 
Output Meter Data [After METER_addStoredData()]
stored.unit[ 0] : AA AA AA AA AA AA AA AA AA AA AA AA AA AA AA AA AA AA AA AA AA 
stored.unit[ 1] : 16 02 09 0C 27 00 01 00 00 00 00 00 00 00 00 00 00 00 00 00 00 
stored.unit[ 2] : 00 00 00 00 00 00 00 00 00 00 00 00 00 00 00 00 00 00 00 00 00 
stored.unit[ 3] : 00 00 00 00 00 00 00 00 00 00 00 00 00 00 00 00 00 00 00 00 00 
stored.unit[ 4] : 00 00 00 00 00 00 00 00 00 00 00 00 00 00 00 00 00 00 00 00 00 
stored.unit[ 5] : 00 00 00 00 00 00 00 00 00 00 00 00 00 00 00 00 00 00 00 00 00 
stored.unit[ 6] : 00 00 00 00 00 00 00 00 00 00 00 00 00 00 00 00 00 00 00 00 00 
stored.unit[ 7] : 00 00 00 00 00 00 00 00 00 00 00 00 00 00 00 00 00 00 00 00 00 
stored.unit[ 8] : 00 00 00 00 00 00 00 00 00 00 00 00 00 00 00 00 00 00 00 00 00 
stored.unit[ 9] : 00 00 00 00 00 00 00 00 00 00 00 00 00 00 00 00 00 00 00 00 00 
stored.unit[10] : 00 00 00 00 00 00 00 00 00 00 00 00 00 00 00 00 00 00 00 00 00 
stored.unit[11] : 00 00 00 00 00 00 00 00 00 00 00 00 00 00 00 00 00 00 00 00 00 
stored.unit[12] : 00 00 00 00 00 00 00 00 00 00 00 00 00 00 00 00 00 00 00 00 00 
stored.unit[13] : 00 00 00 00 00 00 00 00 00 00 00 00 00 00 00 00 00 00 00 00 00 
stored.unit[14] : 00 00 00 00 00 00 00 00 00 00 00 00 00 00 00 00 00 00 00 00 00 
stored.unit[15] : 00 00 00 00 00 00 00 00 00 00 00 00 00 00 00 00 00 00 00 00 00 
stored.unit[16] : 00 00 00 00 00 00 00 00 00 00 00 00 00 00 00 00 00 00 00 00 00 
stored.unit[17] : 00 00 00 00 00 00 00 00 00 00 00 00 00 00 00 00 00 00 00 00 00 
stored.unit[18] : 00 00 00 00 00 00 00 00 00 00 00 00 00 00 00 00 00 00 00 00 00 
stored.unit[19] : 00 00 00 00 00 00 00 00 00 00 00 00 00 00 00 00 00 00 00 00 00 
stored.unit[20] : 00 00 00 00 00 00 00 00 00 00 00 00 00 00 00 00 00 00 00 00 00 
stored.unit[21] : 00 00 00 00 00 00 00 00 00 00 00 00 00 00 00 00 00 00 00 00 00 
stored.unit[22] : 00 00 00 00 00 00 00 00 00 00 00 00 00 00 00 00 00 00 00 00 00 
stored.unit[23] : 00 00 00 00 00 00 00 00 00 00 00 00 00 00 00 00 00 00 00 00 00 
================ Test Case(14) : Coverage Test, Over Month MAX ==================
Date:2022-13-9,14:39:0 Stored Date:2022-2-9,12:39:0 nData(1)
Input Meter Data
stored.unit[ 0] : 16 02 09 0C 27 00 01 00 00 00 00 00 00 00 00 00 00 00 00 00 00 
stored.unit[ 1] : 00 00 00 00 00 00 00 00 00 00 00 00 00 00 00 00 00 00 00 00 00 
stored.unit[ 2] : 00 00 00 00 00 00 00 00 00 00 00 00 00 00 00 00 00 00 00 00 00 
stored.unit[ 3] : 00 00 00 00 00 00 00 00 00 00 00 00 00 00 00 00 00 00 00 00 00 
stored.unit[ 4] : 00 00 00 00 00 00 00 00 00 00 00 00 00 00 00 00 00 00 00 00 00 
stored.unit[ 5] : 00 00 00 00 00 00 00 00 00 00 00 00 00 00 00 00 00 00 00 00 00 
stored.unit[ 6] : 00 00 00 00 00 00 00 00 00 00 00 00 00 00 00 00 00 00 00 00 00 
stored.unit[ 7] : 00 00 00 00 00 00 00 00 00 00 00 00 00 00 00 00 00 00 00 00 00 
stored.unit[ 8] : 00 00 00 00 00 00 00 00 00 00 00 00 00 00 00 00 00 00 00 00 00 
stored.unit[ 9] : 00 00 00 00 00 00 00 00 00 00 00 00 00 00 00 00 00 00 00 00 00 
stored.unit[10] : 00 00 00 00 00 00 00 00 00 00 00 00 00 00 00 00 00 00 00 00 00 
stored.unit[11] : 00 00 00 00 00 00 00 00 00 00 00 00 00 00 00 00 00 00 00 00 00 
stored.unit[12] : 00 00 00 00 00 00 00 00 00 00 00 00 00 00 00 00 00 00 00 00 00 
stored.unit[13] : 00 00 00 00 00 00 00 00 00 00 00 00 00 00 00 00 00 00 00 00 00 
stored.unit[14] : 00 00 00 00 00 00 00 00 00 00 00 00 00 00 00 00 00 00 00 00 00 
stored.unit[15] : 00 00 00 00 00 00 00 00 00 00 00 00 00 00 00 00 00 00 00 00 00 
stored.unit[16] : 00 00 00 00 00 00 00 00 00 00 00 00 00 00 00 00 00 00 00 00 00 
stored.unit[17] : 00 00 00 00 00 00 00 00 00 00 00 00 00 00 00 00 00 00 00 00 00 
stored.unit[18] : 00 00 00 00 00 00 00 00 00 00 00 00 00 00 00 00 00 00 00 00 00 
stored.unit[19] : 00 00 00 00 00 00 00 00 00 00 00 00 00 00 00 00 00 00 00 00 00 
stored.unit[20] : 00 00 00 00 00 00 00 00 00 00 00 00 00 00 00 00 00 00 00 00 00 
stored.unit[21] : 00 00 00 00 00 00 00 00 00 00 00 00 00 00 00 00 00 00 00 00 00 
stored.unit[22] : 00 00 00 00 00 00 00 00 00 00 00 00 00 00 00 00 00 00 00 00 00 
stored.unit[23] : 00 00 00 00 00 00 00 00 00 00 00 00 00 00 00 00 00 00 00 00 00 
Output Meter Data [After METER_addStoredData()]
stored.unit[ 0] : AA AA AA AA AA AA AA AA AA AA AA AA AA AA AA AA AA AA AA AA AA 
stored.unit[ 1] : 16 02 09 0C 27 00 01 00 00 00 00 00 00 00 00 00 00 00 00 00 00 
stored.unit[ 2] : 00 00 00 00 00 00 00 00 00 00 00 00 00 00 00 00 00 00 00 00 00 
stored.unit[ 3] : 00 00 00 00 00 00 00 00 00 00 00 00 00 00 00 00 00 00 00 00 00 
stored.unit[ 4] : 00 00 00 00 00 00 00 00 00 00 00 00 00 00 00 00 00 00 00 00 00 
stored.unit[ 5] : 00 00 00 00 00 00 00 00 00 00 00 00 00 00 00 00 00 00 00 00 00 
stored.unit[ 6] : 00 00 00 00 00 00 00 00 00 00 00 00 00 00 00 00 00 00 00 00 00 
stored.unit[ 7] : 00 00 00 00 00 00 00 00 00 00 00 00 00 00 00 00 00 00 00 00 00 
stored.unit[ 8] : 00 00 00 00 00 00 00 00 00 00 00 00 00 00 00 00 00 00 00 00 00 
stored.unit[ 9] : 00 00 00 00 00 00 00 00 00 00 00 00 00 00 00 00 00 00 00 00 00 
stored.unit[10] : 00 00 00 00 00 00 00 00 00 00 00 00 00 00 00 00 00 00 00 00 00 
stored.unit[11] : 00 00 00 00 00 00 00 00 00 00 00 00 00 00 00 00 00 00 00 00 00 
stored.unit[12] : 00 00 00 00 00 00 00 00 00 00 00 00 00 00 00 00 00 00 00 00 00 
stored.unit[13] : 00 00 00 00 00 00 00 00 00 00 00 00 00 00 00 00 00 00 00 00 00 
stored.unit[14] : 00 00 00 00 00 00 00 00 00 00 00 00 00 00 00 00 00 00 00 00 00 
stored.unit[15] : 00 00 00 00 00 00 00 00 00 00 00 00 00 00 00 00 00 00 00 00 00 
stored.unit[16] : 00 00 00 00 00 00 00 00 00 00 00 00 00 00 00 00 00 00 00 00 00 
stored.unit[17] : 00 00 00 00 00 00 00 00 00 00 00 00 00 00 00 00 00 00 00 00 00 
stored.unit[18] : 00 00 00 00 00 00 00 00 00 00 00 00 00 00 00 00 00 00 00 00 00 
stored.unit[19] : 00 00 00 00 00 00 00 00 00 00 00 00 00 00 00 00 00 00 00 00 00 
stored.unit[20] : 00 00 00 00 00 00 00 00 00 00 00 00 00 00 00 00 00 00 00 00 00 
stored.unit[21] : 00 00 00 00 00 00 00 00 00 00 00 00 00 00 00 00 00 00 00 00 00 
stored.unit[22] : 00 00 00 00 00 00 00 00 00 00 00 00 00 00 00 00 00 00 00 00 00 
stored.unit[23] : 00 00 00 00 00 00 00 00 00 00 00 00 00 00 00 00 00 00 00 00 00 
================ Test Case(15) : Coverage Test, Under Day MIN ==================
Date:2022-2-0,14:39:0 Stored Date:2022-2-9,12:39:0 nData(1)
Input Meter Data
stored.unit[ 0] : 16 02 09 0C 27 00 01 00 00 00 00 00 00 00 00 00 00 00 00 00 00 
stored.unit[ 1] : 00 00 00 00 00 00 00 00 00 00 00 00 00 00 00 00 00 00 00 00 00 
stored.unit[ 2] : 00 00 00 00 00 00 00 00 00 00 00 00 00 00 00 00 00 00 00 00 00 
stored.unit[ 3] : 00 00 00 00 00 00 00 00 00 00 00 00 00 00 00 00 00 00 00 00 00 
stored.unit[ 4] : 00 00 00 00 00 00 00 00 00 00 00 00 00 00 00 00 00 00 00 00 00 
stored.unit[ 5] : 00 00 00 00 00 00 00 00 00 00 00 00 00 00 00 00 00 00 00 00 00 
stored.unit[ 6] : 00 00 00 00 00 00 00 00 00 00 00 00 00 00 00 00 00 00 00 00 00 
stored.unit[ 7] : 00 00 00 00 00 00 00 00 00 00 00 00 00 00 00 00 00 00 00 00 00 
stored.unit[ 8] : 00 00 00 00 00 00 00 00 00 00 00 00 00 00 00 00 00 00 00 00 00 
stored.unit[ 9] : 00 00 00 00 00 00 00 00 00 00 00 00 00 00 00 00 00 00 00 00 00 
stored.unit[10] : 00 00 00 00 00 00 00 00 00 00 00 00 00 00 00 00 00 00 00 00 00 
stored.unit[11] : 00 00 00 00 00 00 00 00 00 00 00 00 00 00 00 00 00 00 00 00 00 
stored.unit[12] : 00 00 00 00 00 00 00 00 00 00 00 00 00 00 00 00 00 00 00 00 00 
stored.unit[13] : 00 00 00 00 00 00 00 00 00 00 00 00 00 00 00 00 00 00 00 00 00 
stored.unit[14] : 00 00 00 00 00 00 00 00 00 00 00 00 00 00 00 00 00 00 00 00 00 
stored.unit[15] : 00 00 00 00 00 00 00 00 00 00 00 00 00 00 00 00 00 00 00 00 00 
stored.unit[16] : 00 00 00 00 00 00 00 00 00 00 00 00 00 00 00 00 00 00 00 00 00 
stored.unit[17] : 00 00 00 00 00 00 00 00 00 00 00 00 00 00 00 00 00 00 00 00 00 
stored.unit[18] : 00 00 00 00 00 00 00 00 00 00 00 00 00 00 00 00 00 00 00 00 00 
stored.unit[19] : 00 00 00 00 00 00 00 00 00 00 00 00 00 00 00 00 00 00 00 00 00 
stored.unit[20] : 00 00 00 00 00 00 00 00 00 00 00 00 00 00 00 00 00 00 00 00 00 
stored.unit[21] : 00 00 00 00 00 00 00 00 00 00 00 00 00 00 00 00 00 00 00 00 00 
stored.unit[22] : 00 00 00 00 00 00 00 00 00 00 00 00 00 00 00 00 00 00 00 00 00 
stored.unit[23] : 00 00 00 00 00 00 00 00 00 00 00 00 00 00 00 00 00 00 00 00 00 
Output Meter Data [After METER_addStoredData()]
stored.unit[ 0] : AA AA AA AA AA AA AA AA AA AA AA AA AA AA AA AA AA AA AA AA AA 
stored.unit[ 1] : 16 02 09 0C 27 00 01 00 00 00 00 00 00 00 00 00 00 00 00 00 00 
stored.unit[ 2] : 00 00 00 00 00 00 00 00 00 00 00 00 00 00 00 00 00 00 00 00 00 
stored.unit[ 3] : 00 00 00 00 00 00 00 00 00 00 00 00 00 00 00 00 00 00 00 00 00 
stored.unit[ 4] : 00 00 00 00 00 00 00 00 00 00 00 00 00 00 00 00 00 00 00 00 00 
stored.unit[ 5] : 00 00 00 00 00 00 00 00 00 00 00 00 00 00 00 00 00 00 00 00 00 
stored.unit[ 6] : 00 00 00 00 00 00 00 00 00 00 00 00 00 00 00 00 00 00 00 00 00 
stored.unit[ 7] : 00 00 00 00 00 00 00 00 00 00 00 00 00 00 00 00 00 00 00 00 00 
stored.unit[ 8] : 00 00 00 00 00 00 00 00 00 00 00 00 00 00 00 00 00 00 00 00 00 
stored.unit[ 9] : 00 00 00 00 00 00 00 00 00 00 00 00 00 00 00 00 00 00 00 00 00 
stored.unit[10] : 00 00 00 00 00 00 00 00 00 00 00 00 00 00 00 00 00 00 00 00 00 
stored.unit[11] : 00 00 00 00 00 00 00 00 00 00 00 00 00 00 00 00 00 00 00 00 00 
stored.unit[12] : 00 00 00 00 00 00 00 00 00 00 00 00 00 00 00 00 00 00 00 00 00 
stored.unit[13] : 00 00 00 00 00 00 00 00 00 00 00 00 00 00 00 00 00 00 00 00 00 
stored.unit[14] : 00 00 00 00 00 00 00 00 00 00 00 00 00 00 00 00 00 00 00 00 00 
stored.unit[15] : 00 00 00 00 00 00 00 00 00 00 00 00 00 00 00 00 00 00 00 00 00 
stored.unit[16] : 00 00 00 00 00 00 00 00 00 00 00 00 00 00 00 00 00 00 00 00 00 
stored.unit[17] : 00 00 00 00 00 00 00 00 00 00 00 00 00 00 00 00 00 00 00 00 00 
stored.unit[18] : 00 00 00 00 00 00 00 00 00 00 00 00 00 00 00 00 00 00 00 00 00 
stored.unit[19] : 00 00 00 00 00 00 00 00 00 00 00 00 00 00 00 00 00 00 00 00 00 
stored.unit[20] : 00 00 00 00 00 00 00 00 00 00 00 00 00 00 00 00 00 00 00 00 00 
stored.unit[21] : 00 00 00 00 00 00 00 00 00 00 00 00 00 00 00 00 00 00 00 00 00 
stored.unit[22] : 00 00 00 00 00 00 00 00 00 00 00 00 00 00 00 00 00 00 00 00 00 
stored.unit[23] : 00 00 00 00 00 00 00 00 00 00 00 00 00 00 00 00 00 00 00 00 00 
================ Test Case(16) : Coverage Test, Over Day MAX ==================
Date:2022-2-33,14:39:0 Stored Date:2022-2-9,12:39:0 nData(1)
Input Meter Data
stored.unit[ 0] : 16 02 09 0C 27 00 01 00 00 00 00 00 00 00 00 00 00 00 00 00 00 
stored.unit[ 1] : 00 00 00 00 00 00 00 00 00 00 00 00 00 00 00 00 00 00 00 00 00 
stored.unit[ 2] : 00 00 00 00 00 00 00 00 00 00 00 00 00 00 00 00 00 00 00 00 00 
stored.unit[ 3] : 00 00 00 00 00 00 00 00 00 00 00 00 00 00 00 00 00 00 00 00 00 
stored.unit[ 4] : 00 00 00 00 00 00 00 00 00 00 00 00 00 00 00 00 00 00 00 00 00 
stored.unit[ 5] : 00 00 00 00 00 00 00 00 00 00 00 00 00 00 00 00 00 00 00 00 00 
stored.unit[ 6] : 00 00 00 00 00 00 00 00 00 00 00 00 00 00 00 00 00 00 00 00 00 
stored.unit[ 7] : 00 00 00 00 00 00 00 00 00 00 00 00 00 00 00 00 00 00 00 00 00 
stored.unit[ 8] : 00 00 00 00 00 00 00 00 00 00 00 00 00 00 00 00 00 00 00 00 00 
stored.unit[ 9] : 00 00 00 00 00 00 00 00 00 00 00 00 00 00 00 00 00 00 00 00 00 
stored.unit[10] : 00 00 00 00 00 00 00 00 00 00 00 00 00 00 00 00 00 00 00 00 00 
stored.unit[11] : 00 00 00 00 00 00 00 00 00 00 00 00 00 00 00 00 00 00 00 00 00 
stored.unit[12] : 00 00 00 00 00 00 00 00 00 00 00 00 00 00 00 00 00 00 00 00 00 
stored.unit[13] : 00 00 00 00 00 00 00 00 00 00 00 00 00 00 00 00 00 00 00 00 00 
stored.unit[14] : 00 00 00 00 00 00 00 00 00 00 00 00 00 00 00 00 00 00 00 00 00 
stored.unit[15] : 00 00 00 00 00 00 00 00 00 00 00 00 00 00 00 00 00 00 00 00 00 
stored.unit[16] : 00 00 00 00 00 00 00 00 00 00 00 00 00 00 00 00 00 00 00 00 00 
stored.unit[17] : 00 00 00 00 00 00 00 00 00 00 00 00 00 00 00 00 00 00 00 00 00 
stored.unit[18] : 00 00 00 00 00 00 00 00 00 00 00 00 00 00 00 00 00 00 00 00 00 
stored.unit[19] : 00 00 00 00 00 00 00 00 00 00 00 00 00 00 00 00 00 00 00 00 00 
stored.unit[20] : 00 00 00 00 00 00 00 00 00 00 00 00 00 00 00 00 00 00 00 00 00 
stored.unit[21] : 00 00 00 00 00 00 00 00 00 00 00 00 00 00 00 00 00 00 00 00 00 
stored.unit[22] : 00 00 00 00 00 00 00 00 00 00 00 00 00 00 00 00 00 00 00 00 00 
stored.unit[23] : 00 00 00 00 00 00 00 00 00 00 00 00 00 00 00 00 00 00 00 00 00 
Output Meter Data [After METER_addStoredData()]
stored.unit[ 0] : AA AA AA AA AA AA AA AA AA AA AA AA AA AA AA AA AA AA AA AA AA 
stored.unit[ 1] : 16 02 09 0C 27 00 01 00 00 00 00 00 00 00 00 00 00 00 00 00 00 
stored.unit[ 2] : 00 00 00 00 00 00 00 00 00 00 00 00 00 00 00 00 00 00 00 00 00 
stored.unit[ 3] : 00 00 00 00 00 00 00 00 00 00 00 00 00 00 00 00 00 00 00 00 00 
stored.unit[ 4] : 00 00 00 00 00 00 00 00 00 00 00 00 00 00 00 00 00 00 00 00 00 
stored.unit[ 5] : 00 00 00 00 00 00 00 00 00 00 00 00 00 00 00 00 00 00 00 00 00 
stored.unit[ 6] : 00 00 00 00 00 00 00 00 00 00 00 00 00 00 00 00 00 00 00 00 00 
stored.unit[ 7] : 00 00 00 00 00 00 00 00 00 00 00 00 00 00 00 00 00 00 00 00 00 
stored.unit[ 8] : 00 00 00 00 00 00 00 00 00 00 00 00 00 00 00 00 00 00 00 00 00 
stored.unit[ 9] : 00 00 00 00 00 00 00 00 00 00 00 00 00 00 00 00 00 00 00 00 00 
stored.unit[10] : 00 00 00 00 00 00 00 00 00 00 00 00 00 00 00 00 00 00 00 00 00 
stored.unit[11] : 00 00 00 00 00 00 00 00 00 00 00 00 00 00 00 00 00 00 00 00 00 
stored.unit[12] : 00 00 00 00 00 00 00 00 00 00 00 00 00 00 00 00 00 00 00 00 00 
stored.unit[13] : 00 00 00 00 00 00 00 00 00 00 00 00 00 00 00 00 00 00 00 00 00 
stored.unit[14] : 00 00 00 00 00 00 00 00 00 00 00 00 00 00 00 00 00 00 00 00 00 
stored.unit[15] : 00 00 00 00 00 00 00 00 00 00 00 00 00 00 00 00 00 00 00 00 00 
stored.unit[16] : 00 00 00 00 00 00 00 00 00 00 00 00 00 00 00 00 00 00 00 00 00 
stored.unit[17] : 00 00 00 00 00 00 00 00 00 00 00 00 00 00 00 00 00 00 00 00 00 
stored.unit[18] : 00 00 00 00 00 00 00 00 00 00 00 00 00 00 00 00 00 00 00 00 00 
stored.unit[19] : 00 00 00 00 00 00 00 00 00 00 00 00 00 00 00 00 00 00 00 00 00 
stored.unit[20] : 00 00 00 00 00 00 00 00 00 00 00 00 00 00 00 00 00 00 00 00 00 
stored.unit[21] : 00 00 00 00 00 00 00 00 00 00 00 00 00 00 00 00 00 00 00 00 00 
stored.unit[22] : 00 00 00 00 00 00 00 00 00 00 00 00 00 00 00 00 00 00 00 00 00 
stored.unit[23] : 00 00 00 00 00 00 00 00 00 00 00 00 00 00 00 00 00 00 00 00 00 
================ Test Case(17) : Coverage Test, Over Hour MAX ==================
Date:2022-2-9,14:39:0 Stored Date:2022-2-9,24:39:0 nData(1)
Input Meter Data
stored.unit[ 0] : 00 00 00 00 00 00 00 00 00 00 00 00 00 00 00 00 00 00 00 00 00 
stored.unit[ 1] : 00 00 00 00 00 00 00 00 00 00 00 00 00 00 00 00 00 00 00 00 00 
stored.unit[ 2] : 00 00 00 00 00 00 00 00 00 00 00 00 00 00 00 00 00 00 00 00 00 
stored.unit[ 3] : 00 00 00 00 00 00 00 00 00 00 00 00 00 00 00 00 00 00 00 00 00 
stored.unit[ 4] : 00 00 00 00 00 00 00 00 00 00 00 00 00 00 00 00 00 00 00 00 00 
stored.unit[ 5] : 00 00 00 00 00 00 00 00 00 00 00 00 00 00 00 00 00 00 00 00 00 
stored.unit[ 6] : 00 00 00 00 00 00 00 00 00 00 00 00 00 00 00 00 00 00 00 00 00 
stored.unit[ 7] : 00 00 00 00 00 00 00 00 00 00 00 00 00 00 00 00 00 00 00 00 00 
stored.unit[ 8] : 00 00 00 00 00 00 00 00 00 00 00 00 00 00 00 00 00 00 00 00 00 
stored.unit[ 9] : 00 00 00 00 00 00 00 00 00 00 00 00 00 00 00 00 00 00 00 00 00 
stored.unit[10] : 00 00 00 00 00 00 00 00 00 00 00 00 00 00 00 00 00 00 00 00 00 
stored.unit[11] : 00 00 00 00 00 00 00 00 00 00 00 00 00 00 00 00 00 00 00 00 00 
stored.unit[12] : 00 00 00 00 00 00 00 00 00 00 00 00 00 00 00 00 00 00 00 00 00 
stored.unit[13] : 00 00 00 00 00 00 00 00 00 00 00 00 00 00 00 00 00 00 00 00 00 
stored.unit[14] : 00 00 00 00 00 00 00 00 00 00 00 00 00 00 00 00 00 00 00 00 00 
stored.unit[15] : 00 00 00 00 00 00 00 00 00 00 00 00 00 00 00 00 00 00 00 00 00 
stored.unit[16] : 00 00 00 00 00 00 00 00 00 00 00 00 00 00 00 00 00 00 00 00 00 
stored.unit[17] : 00 00 00 00 00 00 00 00 00 00 00 00 00 00 00 00 00 00 00 00 00 
stored.unit[18] : 00 00 00 00 00 00 00 00 00 00 00 00 00 00 00 00 00 00 00 00 00 
stored.unit[19] : 00 00 00 00 00 00 00 00 00 00 00 00 00 00 00 00 00 00 00 00 00 
stored.unit[20] : 00 00 00 00 00 00 00 00 00 00 00 00 00 00 00 00 00 00 00 00 00 
stored.unit[21] : 00 00 00 00 00 00 00 00 00 00 00 00 00 00 00 00 00 00 00 00 00 
stored.unit[22] : 00 00 00 00 00 00 00 00 00 00 00 00 00 00 00 00 00 00 00 00 00 
stored.unit[23] : 00 00 00 00 00 00 00 00 00 00 00 00 00 00 00 00 00 00 00 00 00 
Output Meter Data [After METER_addStoredData()]
stored.unit[ 0] : 16 02 09 0E 27 00 01 AA AA AA AA AA AA AA AA AA AA AA AA AA AA 
stored.unit[ 1] : 00 00 00 00 00 00 00 00 00 00 00 00 00 00 00 00 00 00 00 00 00 
stored.unit[ 2] : 00 00 00 00 00 00 00 00 00 00 00 00 00 00 00 00 00 00 00 00 00 
stored.unit[ 3] : 00 00 00 00 00 00 00 00 00 00 00 00 00 00 00 00 00 00 00 00 00 
stored.unit[ 4] : 00 00 00 00 00 00 00 00 00 00 00 00 00 00 00 00 00 00 00 00 00 
stored.unit[ 5] : 00 00 00 00 00 00 00 00 00 00 00 00 00 00 00 00 00 00 00 00 00 
stored.unit[ 6] : 00 00 00 00 00 00 00 00 00 00 00 00 00 00 00 00 00 00 00 00 00 
stored.unit[ 7] : 00 00 00 00 00 00 00 00 00 00 00 00 00 00 00 00 00 00 00 00 00 
stored.unit[ 8] : 00 00 00 00 00 00 00 00 00 00 00 00 00 00 00 00 00 00 00 00 00 
stored.unit[ 9] : 00 00 00 00 00 00 00 00 00 00 00 00 00 00 00 00 00 00 00 00 00 
stored.unit[10] : 00 00 00 00 00 00 00 00 00 00 00 00 00 00 00 00 00 00 00 00 00 
stored.unit[11] : 00 00 00 00 00 00 00 00 00 00 00 00 00 00 00 00 00 00 00 00 00 
stored.unit[12] : 00 00 00 00 00 00 00 00 00 00 00 00 00 00 00 00 00 00 00 00 00 
stored.unit[13] : 00 00 00 00 00 00 00 00 00 00 00 00 00 00 00 00 00 00 00 00 00 
stored.unit[14] : 00 00 00 00 00 00 00 00 00 00 00 00 00 00 00 00 00 00 00 00 00 
stored.unit[15] : 00 00 00 00 00 00 00 00 00 00 00 00 00 00 00 00 00 00 00 00 00 
stored.unit[16] : 00 00 00 00 00 00 00 00 00 00 00 00 00 00 00 00 00 00 00 00 00 
stored.unit[17] : 00 00 00 00 00 00 00 00 00 00 00 00 00 00 00 00 00 00 00 00 00 
stored.unit[18] : 00 00 00 00 00 00 00 00 00 00 00 00 00 00 00 00 00 00 00 00 00 
stored.unit[19] : 00 00 00 00 00 00 00 00 00 00 00 00 00 00 00 00 00 00 00 00 00 
stored.unit[20] : 00 00 00 00 00 00 00 00 00 00 00 00 00 00 00 00 00 00 00 00 00 
stored.unit[21] : 00 00 00 00 00 00 00 00 00 00 00 00 00 00 00 00 00 00 00 00 00 
stored.unit[22] : 00 00 00 00 00 00 00 00 00 00 00 00 00 00 00 00 00 00 00 00 00 
stored.unit[23] : 00 00 00 00 00 00 00 00 00 00 00 00 00 00 00 00 00 00 00 00 00 
================ Test Case(18) : Coverage Test, Over Minute MAX ==================
Date:2022-2-9,14:39:0 Stored Date:2022-2-9,14:60:0 nData(1)
Input Meter Data
stored.unit[ 0] : 00 00 00 00 00 00 00 00 00 00 00 00 00 00 00 00 00 00 00 00 00 
stored.unit[ 1] : 00 00 00 00 00 00 00 00 00 00 00 00 00 00 00 00 00 00 00 00 00 
stored.unit[ 2] : 00 00 00 00 00 00 00 00 00 00 00 00 00 00 00 00 00 00 00 00 00 
stored.unit[ 3] : 00 00 00 00 00 00 00 00 00 00 00 00 00 00 00 00 00 00 00 00 00 
stored.unit[ 4] : 00 00 00 00 00 00 00 00 00 00 00 00 00 00 00 00 00 00 00 00 00 
stored.unit[ 5] : 00 00 00 00 00 00 00 00 00 00 00 00 00 00 00 00 00 00 00 00 00 
stored.unit[ 6] : 00 00 00 00 00 00 00 00 00 00 00 00 00 00 00 00 00 00 00 00 00 
stored.unit[ 7] : 00 00 00 00 00 00 00 00 00 00 00 00 00 00 00 00 00 00 00 00 00 
stored.unit[ 8] : 00 00 00 00 00 00 00 00 00 00 00 00 00 00 00 00 00 00 00 00 00 
stored.unit[ 9] : 00 00 00 00 00 00 00 00 00 00 00 00 00 00 00 00 00 00 00 00 00 
stored.unit[10] : 00 00 00 00 00 00 00 00 00 00 00 00 00 00 00 00 00 00 00 00 00 
stored.unit[11] : 00 00 00 00 00 00 00 00 00 00 00 00 00 00 00 00 00 00 00 00 00 
stored.unit[12] : 00 00 00 00 00 00 00 00 00 00 00 00 00 00 00 00 00 00 00 00 00 
stored.unit[13] : 00 00 00 00 00 00 00 00 00 00 00 00 00 00 00 00 00 00 00 00 00 
stored.unit[14] : 00 00 00 00 00 00 00 00 00 00 00 00 00 00 00 00 00 00 00 00 00 
stored.unit[15] : 00 00 00 00 00 00 00 00 00 00 00 00 00 00 00 00 00 00 00 00 00 
stored.unit[16] : 00 00 00 00 00 00 00 00 00 00 00 00 00 00 00 00 00 00 00 00 00 
stored.unit[17] : 00 00 00 00 00 00 00 00 00 00 00 00 00 00 00 00 00 00 00 00 00 
stored.unit[18] : 00 00 00 00 00 00 00 00 00 00 00 00 00 00 00 00 00 00 00 00 00 
stored.unit[19] : 00 00 00 00 00 00 00 00 00 00 00 00 00 00 00 00 00 00 00 00 00 
stored.unit[20] : 00 00 00 00 00 00 00 00 00 00 00 00 00 00 00 00 00 00 00 00 00 
stored.unit[21] : 00 00 00 00 00 00 00 00 00 00 00 00 00 00 00 00 00 00 00 00 00 
stored.unit[22] : 00 00 00 00 00 00 00 00 00 00 00 00 00 00 00 00 00 00 00 00 00 
stored.unit[23] : 00 00 00 00 00 00 00 00 00 00 00 00 00 00 00 00 00 00 00 00 00 
Output Meter Data [After METER_addStoredData()]
stored.unit[ 0] : 16 02 09 0E 27 00 01 AA AA AA AA AA AA AA AA AA AA AA AA AA AA 
stored.unit[ 1] : 00 00 00 00 00 00 00 00 00 00 00 00 00 00 00 00 00 00 00 00 00 
stored.unit[ 2] : 00 00 00 00 00 00 00 00 00 00 00 00 00 00 00 00 00 00 00 00 00 
stored.unit[ 3] : 00 00 00 00 00 00 00 00 00 00 00 00 00 00 00 00 00 00 00 00 00 
stored.unit[ 4] : 00 00 00 00 00 00 00 00 00 00 00 00 00 00 00 00 00 00 00 00 00 
stored.unit[ 5] : 00 00 00 00 00 00 00 00 00 00 00 00 00 00 00 00 00 00 00 00 00 
stored.unit[ 6] : 00 00 00 00 00 00 00 00 00 00 00 00 00 00 00 00 00 00 00 00 00 
stored.unit[ 7] : 00 00 00 00 00 00 00 00 00 00 00 00 00 00 00 00 00 00 00 00 00 
stored.unit[ 8] : 00 00 00 00 00 00 00 00 00 00 00 00 00 00 00 00 00 00 00 00 00 
stored.unit[ 9] : 00 00 00 00 00 00 00 00 00 00 00 00 00 00 00 00 00 00 00 00 00 
stored.unit[10] : 00 00 00 00 00 00 00 00 00 00 00 00 00 00 00 00 00 00 00 00 00 
stored.unit[11] : 00 00 00 00 00 00 00 00 00 00 00 00 00 00 00 00 00 00 00 00 00 
stored.unit[12] : 00 00 00 00 00 00 00 00 00 00 00 00 00 00 00 00 00 00 00 00 00 
stored.unit[13] : 00 00 00 00 00 00 00 00 00 00 00 00 00 00 00 00 00 00 00 00 00 
stored.unit[14] : 00 00 00 00 00 00 00 00 00 00 00 00 00 00 00 00 00 00 00 00 00 
stored.unit[15] : 00 00 00 00 00 00 00 00 00 00 00 00 00 00 00 00 00 00 00 00 00 
stored.unit[16] : 00 00 00 00 00 00 00 00 00 00 00 00 00 00 00 00 00 00 00 00 00 
stored.unit[17] : 00 00 00 00 00 00 00 00 00 00 00 00 00 00 00 00 00 00 00 00 00 
stored.unit[18] : 00 00 00 00 00 00 00 00 00 00 00 00 00 00 00 00 00 00 00 00 00 
stored.unit[19] : 00 00 00 00 00 00 00 00 00 00 00 00 00 00 00 00 00 00 00 00 00 
stored.unit[20] : 00 00 00 00 00 00 00 00 00 00 00 00 00 00 00 00 00 00 00 00 00 
stored.unit[21] : 00 00 00 00 00 00 00 00 00 00 00 00 00 00 00 00 00 00 00 00 00 
stored.unit[22] : 00 00 00 00 00 00 00 00 00 00 00 00 00 00 00 00 00 00 00 00 00 
stored.unit[23] : 00 00 00 00 00 00 00 00 00 00 00 00 00 00 00 00 00 00 00 00 00 
================ Test Case(19) : Coverage Test, Over Second MAX ==================
Date:2022-2-9,14:39:0 Stored Date:2022-2-9,14:39:60 nData(1)
Input Meter Data
stored.unit[ 0] : 00 00 00 00 00 00 00 00 00 00 00 00 00 00 00 00 00 00 00 00 00 
stored.unit[ 1] : 00 00 00 00 00 00 00 00 00 00 00 00 00 00 00 00 00 00 00 00 00 
stored.unit[ 2] : 00 00 00 00 00 00 00 00 00 00 00 00 00 00 00 00 00 00 00 00 00 
stored.unit[ 3] : 00 00 00 00 00 00 00 00 00 00 00 00 00 00 00 00 00 00 00 00 00 
stored.unit[ 4] : 00 00 00 00 00 00 00 00 00 00 00 00 00 00 00 00 00 00 00 00 00 
stored.unit[ 5] : 00 00 00 00 00 00 00 00 00 00 00 00 00 00 00 00 00 00 00 00 00 
stored.unit[ 6] : 00 00 00 00 00 00 00 00 00 00 00 00 00 00 00 00 00 00 00 00 00 
stored.unit[ 7] : 00 00 00 00 00 00 00 00 00 00 00 00 00 00 00 00 00 00 00 00 00 
stored.unit[ 8] : 00 00 00 00 00 00 00 00 00 00 00 00 00 00 00 00 00 00 00 00 00 
stored.unit[ 9] : 00 00 00 00 00 00 00 00 00 00 00 00 00 00 00 00 00 00 00 00 00 
stored.unit[10] : 00 00 00 00 00 00 00 00 00 00 00 00 00 00 00 00 00 00 00 00 00 
stored.unit[11] : 00 00 00 00 00 00 00 00 00 00 00 00 00 00 00 00 00 00 00 00 00 
stored.unit[12] : 00 00 00 00 00 00 00 00 00 00 00 00 00 00 00 00 00 00 00 00 00 
stored.unit[13] : 00 00 00 00 00 00 00 00 00 00 00 00 00 00 00 00 00 00 00 00 00 
stored.unit[14] : 00 00 00 00 00 00 00 00 00 00 00 00 00 00 00 00 00 00 00 00 00 
stored.unit[15] : 00 00 00 00 00 00 00 00 00 00 00 00 00 00 00 00 00 00 00 00 00 
stored.unit[16] : 00 00 00 00 00 00 00 00 00 00 00 00 00 00 00 00 00 00 00 00 00 
stored.unit[17] : 00 00 00 00 00 00 00 00 00 00 00 00 00 00 00 00 00 00 00 00 00 
stored.unit[18] : 00 00 00 00 00 00 00 00 00 00 00 00 00 00 00 00 00 00 00 00 00 
stored.unit[19] : 00 00 00 00 00 00 00 00 00 00 00 00 00 00 00 00 00 00 00 00 00 
stored.unit[20] : 00 00 00 00 00 00 00 00 00 00 00 00 00 00 00 00 00 00 00 00 00 
stored.unit[21] : 00 00 00 00 00 00 00 00 00 00 00 00 00 00 00 00 00 00 00 00 00 
stored.unit[22] : 00 00 00 00 00 00 00 00 00 00 00 00 00 00 00 00 00 00 00 00 00 
stored.unit[23] : 00 00 00 00 00 00 00 00 00 00 00 00 00 00 00 00 00 00 00 00 00 
Output Meter Data [After METER_addStoredData()]
stored.unit[ 0] : 16 02 09 0E 27 00 01 AA AA AA AA AA AA AA AA AA AA AA AA AA AA 
stored.unit[ 1] : 00 00 00 00 00 00 00 00 00 00 00 00 00 00 00 00 00 00 00 00 00 
stored.unit[ 2] : 00 00 00 00 00 00 00 00 00 00 00 00 00 00 00 00 00 00 00 00 00 
stored.unit[ 3] : 00 00 00 00 00 00 00 00 00 00 00 00 00 00 00 00 00 00 00 00 00 
stored.unit[ 4] : 00 00 00 00 00 00 00 00 00 00 00 00 00 00 00 00 00 00 00 00 00 
stored.unit[ 5] : 00 00 00 00 00 00 00 00 00 00 00 00 00 00 00 00 00 00 00 00 00 
stored.unit[ 6] : 00 00 00 00 00 00 00 00 00 00 00 00 00 00 00 00 00 00 00 00 00 
stored.unit[ 7] : 00 00 00 00 00 00 00 00 00 00 00 00 00 00 00 00 00 00 00 00 00 
stored.unit[ 8] : 00 00 00 00 00 00 00 00 00 00 00 00 00 00 00 00 00 00 00 00 00 
stored.unit[ 9] : 00 00 00 00 00 00 00 00 00 00 00 00 00 00 00 00 00 00 00 00 00 
stored.unit[10] : 00 00 00 00 00 00 00 00 00 00 00 00 00 00 00 00 00 00 00 00 00 
stored.unit[11] : 00 00 00 00 00 00 00 00 00 00 00 00 00 00 00 00 00 00 00 00 00 
stored.unit[12] : 00 00 00 00 00 00 00 00 00 00 00 00 00 00 00 00 00 00 00 00 00 
stored.unit[13] : 00 00 00 00 00 00 00 00 00 00 00 00 00 00 00 00 00 00 00 00 00 
stored.unit[14] : 00 00 00 00 00 00 00 00 00 00 00 00 00 00 00 00 00 00 00 00 00 
stored.unit[15] : 00 00 00 00 00 00 00 00 00 00 00 00 00 00 00 00 00 00 00 00 00 
stored.unit[16] : 00 00 00 00 00 00 00 00 00 00 00 00 00 00 00 00 00 00 00 00 00 
stored.unit[17] : 00 00 00 00 00 00 00 00 00 00 00 00 00 00 00 00 00 00 00 00 00 
stored.unit[18] : 00 00 00 00 00 00 00 00 00 00 00 00 00 00 00 00 00 00 00 00 00 
stored.unit[19] : 00 00 00 00 00 00 00 00 00 00 00 00 00 00 00 00 00 00 00 00 00 
stored.unit[20] : 00 00 00 00 00 00 00 00 00 00 00 00 00 00 00 00 00 00 00 00 00 
stored.unit[21] : 00 00 00 00 00 00 00 00 00 00 00 00 00 00 00 00 00 00 00 00 00 
stored.unit[22] : 00 00 00 00 00 00 00 00 00 00 00 00 00 00 00 00 00 00 00 00 00 
stored.unit[23] : 00 00 00 00 00 00 00 00 00 00 00 00 00 00 00 00 00 00 00 00 00 
tdd_METER_addStoredData.c:380:test_METER:INFO: METER_clearStoredData Test
expect nData(0), interval(2), allMeterUnit(0)
expect nData(0), interval(1), allMeterUnit(0)
expect nData(0), interval(1), allMeterUnit(0)
tdd_METER_addStoredData.c:385:test_METER:INFO: METER_clearIntervalData
========input reportInterval(6) nData(24)========
input interval(6) expect(6)
input nData(24) expect(18)
========input reportInterval(24) nData(24)========
input interval(24) expect(24)
input nData(24) expect(0)
========input reportInterval(6) nData(24)========
input interval(6) expect(6)
input nData(24) expect(18)
========input reportInterval(1) nData(24)========
input interval(1) expect(1)
input nData(24) expect(23)
========input reportInterval(0) nData(24)========
input interval(0) expect(6)
input nData(24) expect(18)
========input reportInterval(100) nData(100)========
input interval(100) expect(6)
input nData(100) expect(18)
========input reportInterval(0) nData(0)========
input interval(0) expect(6)
input nData(0) expect(0)
tdd_METER_addStoredData.c:394:test_METER:INFO: coverage Dummy Test
